Archive member included because of file (symbol)

C:\Users\11988401\Desktop\Lab-4-Workspace\Lab-4-assess\Library\libLab3.a(FTM.o)
                              ./Sources/main.o (FTM_Init)
C:\Users\11988401\Desktop\Lab-4-Workspace\Lab-4-assess\Library\libLab3.a(Flash.o)
                              ./Sources/main.o (Flash_Init)
C:\Users\11988401\Desktop\Lab-4-Workspace\Lab-4-assess\Library\libLab3.a(LEDs.o)
                              ./Sources/main.o (LEDs_Init)
C:\Users\11988401\Desktop\Lab-4-Workspace\Lab-4-assess\Library\libLab3.a(PIT.o)
                              ./Sources/main.o (PIT_Init)
C:\Users\11988401\Desktop\Lab-4-Workspace\Lab-4-assess\Library\libLab3.a(RTC.o)
                              ./Sources/main.o (RTC_Set)
C:\Users\11988401\Desktop\Lab-4-Workspace\Lab-4-assess\Library\libLab3.a(UART.o)
                              ./Generated_Code/Vectors.o (UART_ISR)
C:\Users\11988401\Desktop\Lab-4-Workspace\Lab-4-assess\Library\libLab3.a(packet.o)
                              ./Sources/main.o (Packet)
C:\Users\11988401\Desktop\Lab-4-Workspace\Lab-4-assess\Library\libLab3.a(FIFO.o)
                              C:\Users\11988401\Desktop\Lab-4-Workspace\Lab-4-assess\Library\libLab3.a(UART.o) (FIFO_Init)
c:/freescale/kds_3.0.0/toolchain/bin/../lib/gcc/arm-none-eabi/4.8.4/../../../../arm-none-eabi/lib/armv7e-m/fpu\libg_s.a(lib_a-exit.o)
                              c:/freescale/kds_3.0.0/toolchain/bin/../lib/gcc/arm-none-eabi/4.8.4/../../../../arm-none-eabi/lib/armv7e-m/fpu/crt0.o (exit)
c:/freescale/kds_3.0.0/toolchain/bin/../lib/gcc/arm-none-eabi/4.8.4/../../../../arm-none-eabi/lib/armv7e-m/fpu\libg_s.a(lib_a-impure.o)
                              c:/freescale/kds_3.0.0/toolchain/bin/../lib/gcc/arm-none-eabi/4.8.4/../../../../arm-none-eabi/lib/armv7e-m/fpu\libg_s.a(lib_a-exit.o) (_global_impure_ptr)
c:/freescale/kds_3.0.0/toolchain/bin/../lib/gcc/arm-none-eabi/4.8.4/../../../../arm-none-eabi/lib/armv7e-m/fpu\libg_s.a(lib_a-init.o)
                              c:/freescale/kds_3.0.0/toolchain/bin/../lib/gcc/arm-none-eabi/4.8.4/../../../../arm-none-eabi/lib/armv7e-m/fpu/crt0.o (__libc_init_array)
c:/freescale/kds_3.0.0/toolchain/bin/../lib/gcc/arm-none-eabi/4.8.4/../../../../arm-none-eabi/lib/armv7e-m/fpu\libg_s.a(lib_a-memset.o)
                              c:/freescale/kds_3.0.0/toolchain/bin/../lib/gcc/arm-none-eabi/4.8.4/../../../../arm-none-eabi/lib/armv7e-m/fpu/crt0.o (memset)
c:/freescale/kds_3.0.0/toolchain/bin/../lib/gcc/arm-none-eabi/4.8.4/../../../../arm-none-eabi/lib/armv7e-m/fpu\libnosys.a(_exit.o)
                              c:/freescale/kds_3.0.0/toolchain/bin/../lib/gcc/arm-none-eabi/4.8.4/../../../../arm-none-eabi/lib/armv7e-m/fpu\libg_s.a(lib_a-exit.o) (_exit)

Allocating common symbols
Common symbol       size              file

Packet              0x5               C:\Users\11988401\Desktop\Lab-4-Workspace\Lab-4-assess\Library\libLab3.a(packet.o)
SR_reg              0x1               ./Generated_Code/Cpu.o

Discarded input sections

 .text          0x00000000        0x0 c:/freescale/kds_3.0.0/toolchain/bin/../lib/gcc/arm-none-eabi/4.8.4/armv7e-m/fpu/crti.o
 .data          0x00000000        0x0 c:/freescale/kds_3.0.0/toolchain/bin/../lib/gcc/arm-none-eabi/4.8.4/armv7e-m/fpu/crti.o
 .bss           0x00000000        0x0 c:/freescale/kds_3.0.0/toolchain/bin/../lib/gcc/arm-none-eabi/4.8.4/armv7e-m/fpu/crti.o
 .data          0x00000000        0x4 c:/freescale/kds_3.0.0/toolchain/bin/../lib/gcc/arm-none-eabi/4.8.4/armv7e-m/fpu/crtbegin.o
 .data          0x00000000        0x0 c:/freescale/kds_3.0.0/toolchain/bin/../lib/gcc/arm-none-eabi/4.8.4/../../../../arm-none-eabi/lib/armv7e-m/fpu/crt0.o
 .bss           0x00000000        0x0 c:/freescale/kds_3.0.0/toolchain/bin/../lib/gcc/arm-none-eabi/4.8.4/../../../../arm-none-eabi/lib/armv7e-m/fpu/crt0.o
 .ARM.extab     0x00000000        0x0 c:/freescale/kds_3.0.0/toolchain/bin/../lib/gcc/arm-none-eabi/4.8.4/../../../../arm-none-eabi/lib/armv7e-m/fpu/crt0.o
 .group         0x00000000        0x8 ./Sources/I2C.o
 .group         0x00000000        0x8 ./Sources/I2C.o
 .group         0x00000000        0x8 ./Sources/I2C.o
 .group         0x00000000        0x8 ./Sources/I2C.o
 .group         0x00000000        0x8 ./Sources/I2C.o
 .group         0x00000000        0x8 ./Sources/I2C.o
 .text          0x00000000        0x0 ./Sources/I2C.o
 .data          0x00000000        0x0 ./Sources/I2C.o
 .bss           0x00000000        0x0 ./Sources/I2C.o
 .text.I2C_ISR  0x00000000       0xe4 ./Sources/I2C.o
 .bss.dataIndex.5704
                0x00000000        0x1 ./Sources/I2C.o
 .group         0x00000000        0x8 ./Sources/accel.o
 .group         0x00000000        0x8 ./Sources/accel.o
 .group         0x00000000        0x8 ./Sources/accel.o
 .group         0x00000000        0x8 ./Sources/accel.o
 .group         0x00000000        0x8 ./Sources/accel.o
 .group         0x00000000        0x8 ./Sources/accel.o
 .group         0x00000000        0x8 ./Sources/accel.o
 .group         0x00000000        0x8 ./Sources/accel.o
 .group         0x00000000        0x8 ./Sources/accel.o
 .group         0x00000000        0x8 ./Sources/accel.o
 .text          0x00000000        0x0 ./Sources/accel.o
 .data          0x00000000        0x0 ./Sources/accel.o
 .bss           0x00000000        0x0 ./Sources/accel.o
 .bss.INT_SOURCE_Union
                0x00000000        0x4 ./Sources/accel.o
 .bss.CTRL_REG1_Union
                0x00000000        0x4 ./Sources/accel.o
 .bss.CTRL_REG3_Union
                0x00000000        0x4 ./Sources/accel.o
 .bss.CTRL_REG4_Union
                0x00000000        0x4 ./Sources/accel.o
 .bss.CTRL_REG5_Union
                0x00000000        0x4 ./Sources/accel.o
 .text.AccelDataReady_ISR
                0x00000000       0x44 ./Sources/accel.o
 .debug_macro   0x00000000      0x850 ./Sources/accel.o
 .debug_macro   0x00000000       0x16 ./Sources/accel.o
 .debug_macro   0x00000000       0x44 ./Sources/accel.o
 .debug_macro   0x00000000      0x209 ./Sources/accel.o
 .debug_macro   0x00000000       0x22 ./Sources/accel.o
 .debug_macro   0x00000000    0x174c1 ./Sources/accel.o
 .group         0x00000000        0x8 ./Sources/main.o
 .group         0x00000000        0x8 ./Sources/main.o
 .group         0x00000000        0x8 ./Sources/main.o
 .group         0x00000000        0x8 ./Sources/main.o
 .group         0x00000000        0x8 ./Sources/main.o
 .group         0x00000000        0x8 ./Sources/main.o
 .group         0x00000000        0x8 ./Sources/main.o
 .group         0x00000000        0x8 ./Sources/main.o
 .group         0x00000000        0x8 ./Sources/main.o
 .group         0x00000000        0x8 ./Sources/main.o
 .group         0x00000000        0x8 ./Sources/main.o
 .group         0x00000000        0x8 ./Sources/main.o
 .text          0x00000000        0x0 ./Sources/main.o
 .data          0x00000000        0x0 ./Sources/main.o
 .bss           0x00000000        0x0 ./Sources/main.o
 .text.RTCCallback
                0x00000000       0x38 ./Sources/main.o
 .debug_macro   0x00000000      0x850 ./Sources/main.o
 .debug_macro   0x00000000       0x16 ./Sources/main.o
 .debug_macro   0x00000000       0x44 ./Sources/main.o
 .debug_macro   0x00000000      0x209 ./Sources/main.o
 .debug_macro   0x00000000      0x14e ./Sources/main.o
 .debug_macro   0x00000000       0x64 ./Sources/main.o
 .debug_macro   0x00000000    0x174c1 ./Sources/main.o
 .debug_macro   0x00000000       0x22 ./Sources/main.o
 .group         0x00000000        0x8 ./Sources/median.o
 .group         0x00000000        0x8 ./Sources/median.o
 .group         0x00000000        0x8 ./Sources/median.o
 .group         0x00000000        0x8 ./Sources/median.o
 .group         0x00000000        0x8 ./Sources/median.o
 .text          0x00000000        0x0 ./Sources/median.o
 .data          0x00000000        0x0 ./Sources/median.o
 .bss           0x00000000        0x0 ./Sources/median.o
 .debug_macro   0x00000000      0x850 ./Sources/median.o
 .debug_macro   0x00000000       0x16 ./Sources/median.o
 .debug_macro   0x00000000       0x44 ./Sources/median.o
 .debug_macro   0x00000000      0x209 ./Sources/median.o
 .debug_macro   0x00000000       0x22 ./Sources/median.o
 .group         0x00000000        0x8 ./Project_Settings/Startup_Code/startup.o
 .group         0x00000000        0x8 ./Project_Settings/Startup_Code/startup.o
 .group         0x00000000        0x8 ./Project_Settings/Startup_Code/startup.o
 .group         0x00000000        0x8 ./Project_Settings/Startup_Code/startup.o
 .group         0x00000000        0x8 ./Project_Settings/Startup_Code/startup.o
 .group         0x00000000        0x8 ./Project_Settings/Startup_Code/startup.o
 .group         0x00000000        0x8 ./Project_Settings/Startup_Code/startup.o
 .group         0x00000000        0x8 ./Project_Settings/Startup_Code/startup.o
 .group         0x00000000        0x8 ./Project_Settings/Startup_Code/startup.o
 .group         0x00000000        0x8 ./Project_Settings/Startup_Code/startup.o
 .group         0x00000000        0x8 ./Project_Settings/Startup_Code/startup.o
 .group         0x00000000        0x8 ./Project_Settings/Startup_Code/startup.o
 .group         0x00000000        0x8 ./Project_Settings/Startup_Code/startup.o
 .group         0x00000000        0x8 ./Project_Settings/Startup_Code/startup.o
 .group         0x00000000        0x8 ./Project_Settings/Startup_Code/startup.o
 .group         0x00000000        0x8 ./Project_Settings/Startup_Code/startup.o
 .group         0x00000000        0x8 ./Project_Settings/Startup_Code/startup.o
 .group         0x00000000        0x8 ./Project_Settings/Startup_Code/startup.o
 .group         0x00000000        0x8 ./Project_Settings/Startup_Code/startup.o
 .text          0x00000000        0x0 ./Project_Settings/Startup_Code/startup.o
 .data          0x00000000        0x0 ./Project_Settings/Startup_Code/startup.o
 .bss           0x00000000        0x0 ./Project_Settings/Startup_Code/startup.o
 .text.__init_hardware
                0x00000000        0xc ./Project_Settings/Startup_Code/startup.o
 .text.__iar_program_start
                0x00000000        0xc ./Project_Settings/Startup_Code/startup.o
 .debug_macro   0x00000000      0x850 ./Project_Settings/Startup_Code/startup.o
 .debug_macro   0x00000000       0x16 ./Project_Settings/Startup_Code/startup.o
 .group         0x00000000        0x8 ./Generated_Code/Cpu.o
 .group         0x00000000        0x8 ./Generated_Code/Cpu.o
 .group         0x00000000        0x8 ./Generated_Code/Cpu.o
 .group         0x00000000        0x8 ./Generated_Code/Cpu.o
 .group         0x00000000        0x8 ./Generated_Code/Cpu.o
 .group         0x00000000        0x8 ./Generated_Code/Cpu.o
 .group         0x00000000        0x8 ./Generated_Code/Cpu.o
 .group         0x00000000        0x8 ./Generated_Code/Cpu.o
 .group         0x00000000        0x8 ./Generated_Code/Cpu.o
 .text          0x00000000        0x0 ./Generated_Code/Cpu.o
 .data          0x00000000        0x0 ./Generated_Code/Cpu.o
 .bss           0x00000000        0x0 ./Generated_Code/Cpu.o
 .debug_macro   0x00000000      0x850 ./Generated_Code/Cpu.o
 .debug_macro   0x00000000       0x16 ./Generated_Code/Cpu.o
 .debug_macro   0x00000000       0x44 ./Generated_Code/Cpu.o
 .debug_macro   0x00000000      0x209 ./Generated_Code/Cpu.o
 .debug_macro   0x00000000     0x1816 ./Generated_Code/Cpu.o
 .debug_macro   0x00000000      0x14e ./Generated_Code/Cpu.o
 .debug_macro   0x00000000       0x64 ./Generated_Code/Cpu.o
 .debug_macro   0x00000000    0x174c1 ./Generated_Code/Cpu.o
 .group         0x00000000        0x8 ./Generated_Code/Vectors.o
 .group         0x00000000        0x8 ./Generated_Code/Vectors.o
 .group         0x00000000        0x8 ./Generated_Code/Vectors.o
 .group         0x00000000        0x8 ./Generated_Code/Vectors.o
 .group         0x00000000        0x8 ./Generated_Code/Vectors.o
 .group         0x00000000        0x8 ./Generated_Code/Vectors.o
 .group         0x00000000        0x8 ./Generated_Code/Vectors.o
 .group         0x00000000        0x8 ./Generated_Code/Vectors.o
 .group         0x00000000        0x8 ./Generated_Code/Vectors.o
 .group         0x00000000        0x8 ./Generated_Code/Vectors.o
 .text          0x00000000        0x0 ./Generated_Code/Vectors.o
 .data          0x00000000        0x0 ./Generated_Code/Vectors.o
 .bss           0x00000000        0x0 ./Generated_Code/Vectors.o
 .debug_macro   0x00000000      0x850 ./Generated_Code/Vectors.o
 .debug_macro   0x00000000       0x16 ./Generated_Code/Vectors.o
 .debug_macro   0x00000000       0x44 ./Generated_Code/Vectors.o
 .debug_macro   0x00000000      0x209 ./Generated_Code/Vectors.o
 .debug_macro   0x00000000     0x1816 ./Generated_Code/Vectors.o
 .debug_macro   0x00000000      0x14e ./Generated_Code/Vectors.o
 .debug_macro   0x00000000       0x64 ./Generated_Code/Vectors.o
 .debug_macro   0x00000000    0x174c1 ./Generated_Code/Vectors.o
 .debug_macro   0x00000000       0x9a ./Generated_Code/Vectors.o
 .debug_macro   0x00000000       0x22 ./Generated_Code/Vectors.o
 .group         0x00000000        0x8 C:\Users\11988401\Desktop\Lab-4-Workspace\Lab-4-assess\Library\libLab3.a(FTM.o)
 .group         0x00000000        0x8 C:\Users\11988401\Desktop\Lab-4-Workspace\Lab-4-assess\Library\libLab3.a(FTM.o)
 .group         0x00000000        0x8 C:\Users\11988401\Desktop\Lab-4-Workspace\Lab-4-assess\Library\libLab3.a(FTM.o)
 .group         0x00000000        0x8 C:\Users\11988401\Desktop\Lab-4-Workspace\Lab-4-assess\Library\libLab3.a(FTM.o)
 .group         0x00000000        0x8 C:\Users\11988401\Desktop\Lab-4-Workspace\Lab-4-assess\Library\libLab3.a(FTM.o)
 .group         0x00000000        0x8 C:\Users\11988401\Desktop\Lab-4-Workspace\Lab-4-assess\Library\libLab3.a(FTM.o)
 .group         0x00000000        0x8 C:\Users\11988401\Desktop\Lab-4-Workspace\Lab-4-assess\Library\libLab3.a(FTM.o)
 .text          0x00000000        0x0 C:\Users\11988401\Desktop\Lab-4-Workspace\Lab-4-assess\Library\libLab3.a(FTM.o)
 .data          0x00000000        0x0 C:\Users\11988401\Desktop\Lab-4-Workspace\Lab-4-assess\Library\libLab3.a(FTM.o)
 .bss           0x00000000        0x0 C:\Users\11988401\Desktop\Lab-4-Workspace\Lab-4-assess\Library\libLab3.a(FTM.o)
 .text.FTM_StartTimer
                0x00000000       0x8c C:\Users\11988401\Desktop\Lab-4-Workspace\Lab-4-assess\Library\libLab3.a(FTM.o)
 .debug_macro   0x00000000      0x850 C:\Users\11988401\Desktop\Lab-4-Workspace\Lab-4-assess\Library\libLab3.a(FTM.o)
 .debug_macro   0x00000000       0x16 C:\Users\11988401\Desktop\Lab-4-Workspace\Lab-4-assess\Library\libLab3.a(FTM.o)
 .debug_macro   0x00000000       0x44 C:\Users\11988401\Desktop\Lab-4-Workspace\Lab-4-assess\Library\libLab3.a(FTM.o)
 .debug_macro   0x00000000      0x209 C:\Users\11988401\Desktop\Lab-4-Workspace\Lab-4-assess\Library\libLab3.a(FTM.o)
 .debug_macro   0x00000000       0x22 C:\Users\11988401\Desktop\Lab-4-Workspace\Lab-4-assess\Library\libLab3.a(FTM.o)
 .debug_macro   0x00000000    0x174c1 C:\Users\11988401\Desktop\Lab-4-Workspace\Lab-4-assess\Library\libLab3.a(FTM.o)
 .group         0x00000000        0x8 C:\Users\11988401\Desktop\Lab-4-Workspace\Lab-4-assess\Library\libLab3.a(Flash.o)
 .group         0x00000000        0x8 C:\Users\11988401\Desktop\Lab-4-Workspace\Lab-4-assess\Library\libLab3.a(Flash.o)
 .group         0x00000000        0x8 C:\Users\11988401\Desktop\Lab-4-Workspace\Lab-4-assess\Library\libLab3.a(Flash.o)
 .group         0x00000000        0x8 C:\Users\11988401\Desktop\Lab-4-Workspace\Lab-4-assess\Library\libLab3.a(Flash.o)
 .group         0x00000000        0x8 C:\Users\11988401\Desktop\Lab-4-Workspace\Lab-4-assess\Library\libLab3.a(Flash.o)
 .group         0x00000000        0x8 C:\Users\11988401\Desktop\Lab-4-Workspace\Lab-4-assess\Library\libLab3.a(Flash.o)
 .group         0x00000000        0x8 C:\Users\11988401\Desktop\Lab-4-Workspace\Lab-4-assess\Library\libLab3.a(Flash.o)
 .group         0x00000000        0x8 C:\Users\11988401\Desktop\Lab-4-Workspace\Lab-4-assess\Library\libLab3.a(Flash.o)
 .text          0x00000000        0x0 C:\Users\11988401\Desktop\Lab-4-Workspace\Lab-4-assess\Library\libLab3.a(Flash.o)
 .data          0x00000000        0x0 C:\Users\11988401\Desktop\Lab-4-Workspace\Lab-4-assess\Library\libLab3.a(Flash.o)
 .bss           0x00000000        0x0 C:\Users\11988401\Desktop\Lab-4-Workspace\Lab-4-assess\Library\libLab3.a(Flash.o)
 .rodata.FCMD_PROGRAM_PHRASE
                0x00000000        0x1 C:\Users\11988401\Desktop\Lab-4-Workspace\Lab-4-assess\Library\libLab3.a(Flash.o)
 .rodata.FCMD_ERASE_BLOCK
                0x00000000        0x1 C:\Users\11988401\Desktop\Lab-4-Workspace\Lab-4-assess\Library\libLab3.a(Flash.o)
 .rodata.FCMD_ERASE_SECTOR
                0x00000000        0x1 C:\Users\11988401\Desktop\Lab-4-Workspace\Lab-4-assess\Library\libLab3.a(Flash.o)
 .debug_macro   0x00000000      0x850 C:\Users\11988401\Desktop\Lab-4-Workspace\Lab-4-assess\Library\libLab3.a(Flash.o)
 .debug_macro   0x00000000       0x16 C:\Users\11988401\Desktop\Lab-4-Workspace\Lab-4-assess\Library\libLab3.a(Flash.o)
 .debug_macro   0x00000000       0x44 C:\Users\11988401\Desktop\Lab-4-Workspace\Lab-4-assess\Library\libLab3.a(Flash.o)
 .debug_macro   0x00000000      0x209 C:\Users\11988401\Desktop\Lab-4-Workspace\Lab-4-assess\Library\libLab3.a(Flash.o)
 .debug_macro   0x00000000       0x22 C:\Users\11988401\Desktop\Lab-4-Workspace\Lab-4-assess\Library\libLab3.a(Flash.o)
 .debug_macro   0x00000000    0x174c1 C:\Users\11988401\Desktop\Lab-4-Workspace\Lab-4-assess\Library\libLab3.a(Flash.o)
 .debug_macro   0x00000000      0x166 C:\Users\11988401\Desktop\Lab-4-Workspace\Lab-4-assess\Library\libLab3.a(Flash.o)
 .group         0x00000000        0x8 C:\Users\11988401\Desktop\Lab-4-Workspace\Lab-4-assess\Library\libLab3.a(LEDs.o)
 .group         0x00000000        0x8 C:\Users\11988401\Desktop\Lab-4-Workspace\Lab-4-assess\Library\libLab3.a(LEDs.o)
 .group         0x00000000        0x8 C:\Users\11988401\Desktop\Lab-4-Workspace\Lab-4-assess\Library\libLab3.a(LEDs.o)
 .group         0x00000000        0x8 C:\Users\11988401\Desktop\Lab-4-Workspace\Lab-4-assess\Library\libLab3.a(LEDs.o)
 .group         0x00000000        0x8 C:\Users\11988401\Desktop\Lab-4-Workspace\Lab-4-assess\Library\libLab3.a(LEDs.o)
 .group         0x00000000        0x8 C:\Users\11988401\Desktop\Lab-4-Workspace\Lab-4-assess\Library\libLab3.a(LEDs.o)
 .text          0x00000000        0x0 C:\Users\11988401\Desktop\Lab-4-Workspace\Lab-4-assess\Library\libLab3.a(LEDs.o)
 .data          0x00000000        0x0 C:\Users\11988401\Desktop\Lab-4-Workspace\Lab-4-assess\Library\libLab3.a(LEDs.o)
 .bss           0x00000000        0x0 C:\Users\11988401\Desktop\Lab-4-Workspace\Lab-4-assess\Library\libLab3.a(LEDs.o)
 .debug_macro   0x00000000      0x850 C:\Users\11988401\Desktop\Lab-4-Workspace\Lab-4-assess\Library\libLab3.a(LEDs.o)
 .debug_macro   0x00000000       0x16 C:\Users\11988401\Desktop\Lab-4-Workspace\Lab-4-assess\Library\libLab3.a(LEDs.o)
 .debug_macro   0x00000000       0x44 C:\Users\11988401\Desktop\Lab-4-Workspace\Lab-4-assess\Library\libLab3.a(LEDs.o)
 .debug_macro   0x00000000      0x209 C:\Users\11988401\Desktop\Lab-4-Workspace\Lab-4-assess\Library\libLab3.a(LEDs.o)
 .debug_macro   0x00000000       0x22 C:\Users\11988401\Desktop\Lab-4-Workspace\Lab-4-assess\Library\libLab3.a(LEDs.o)
 .debug_macro   0x00000000    0x174c1 C:\Users\11988401\Desktop\Lab-4-Workspace\Lab-4-assess\Library\libLab3.a(LEDs.o)
 .group         0x00000000        0x8 C:\Users\11988401\Desktop\Lab-4-Workspace\Lab-4-assess\Library\libLab3.a(PIT.o)
 .group         0x00000000        0x8 C:\Users\11988401\Desktop\Lab-4-Workspace\Lab-4-assess\Library\libLab3.a(PIT.o)
 .group         0x00000000        0x8 C:\Users\11988401\Desktop\Lab-4-Workspace\Lab-4-assess\Library\libLab3.a(PIT.o)
 .group         0x00000000        0x8 C:\Users\11988401\Desktop\Lab-4-Workspace\Lab-4-assess\Library\libLab3.a(PIT.o)
 .group         0x00000000        0x8 C:\Users\11988401\Desktop\Lab-4-Workspace\Lab-4-assess\Library\libLab3.a(PIT.o)
 .group         0x00000000        0x8 C:\Users\11988401\Desktop\Lab-4-Workspace\Lab-4-assess\Library\libLab3.a(PIT.o)
 .text          0x00000000        0x0 C:\Users\11988401\Desktop\Lab-4-Workspace\Lab-4-assess\Library\libLab3.a(PIT.o)
 .data          0x00000000        0x0 C:\Users\11988401\Desktop\Lab-4-Workspace\Lab-4-assess\Library\libLab3.a(PIT.o)
 .bss           0x00000000        0x0 C:\Users\11988401\Desktop\Lab-4-Workspace\Lab-4-assess\Library\libLab3.a(PIT.o)
 .debug_macro   0x00000000      0x850 C:\Users\11988401\Desktop\Lab-4-Workspace\Lab-4-assess\Library\libLab3.a(PIT.o)
 .debug_macro   0x00000000       0x16 C:\Users\11988401\Desktop\Lab-4-Workspace\Lab-4-assess\Library\libLab3.a(PIT.o)
 .debug_macro   0x00000000       0x44 C:\Users\11988401\Desktop\Lab-4-Workspace\Lab-4-assess\Library\libLab3.a(PIT.o)
 .debug_macro   0x00000000      0x209 C:\Users\11988401\Desktop\Lab-4-Workspace\Lab-4-assess\Library\libLab3.a(PIT.o)
 .debug_macro   0x00000000       0x22 C:\Users\11988401\Desktop\Lab-4-Workspace\Lab-4-assess\Library\libLab3.a(PIT.o)
 .debug_macro   0x00000000    0x174c1 C:\Users\11988401\Desktop\Lab-4-Workspace\Lab-4-assess\Library\libLab3.a(PIT.o)
 .group         0x00000000        0x8 C:\Users\11988401\Desktop\Lab-4-Workspace\Lab-4-assess\Library\libLab3.a(RTC.o)
 .group         0x00000000        0x8 C:\Users\11988401\Desktop\Lab-4-Workspace\Lab-4-assess\Library\libLab3.a(RTC.o)
 .group         0x00000000        0x8 C:\Users\11988401\Desktop\Lab-4-Workspace\Lab-4-assess\Library\libLab3.a(RTC.o)
 .group         0x00000000        0x8 C:\Users\11988401\Desktop\Lab-4-Workspace\Lab-4-assess\Library\libLab3.a(RTC.o)
 .group         0x00000000        0x8 C:\Users\11988401\Desktop\Lab-4-Workspace\Lab-4-assess\Library\libLab3.a(RTC.o)
 .group         0x00000000        0x8 C:\Users\11988401\Desktop\Lab-4-Workspace\Lab-4-assess\Library\libLab3.a(RTC.o)
 .group         0x00000000        0x8 C:\Users\11988401\Desktop\Lab-4-Workspace\Lab-4-assess\Library\libLab3.a(RTC.o)
 .group         0x00000000        0x8 C:\Users\11988401\Desktop\Lab-4-Workspace\Lab-4-assess\Library\libLab3.a(RTC.o)
 .group         0x00000000        0x8 C:\Users\11988401\Desktop\Lab-4-Workspace\Lab-4-assess\Library\libLab3.a(RTC.o)
 .group         0x00000000        0x8 C:\Users\11988401\Desktop\Lab-4-Workspace\Lab-4-assess\Library\libLab3.a(RTC.o)
 .text          0x00000000        0x0 C:\Users\11988401\Desktop\Lab-4-Workspace\Lab-4-assess\Library\libLab3.a(RTC.o)
 .data          0x00000000        0x0 C:\Users\11988401\Desktop\Lab-4-Workspace\Lab-4-assess\Library\libLab3.a(RTC.o)
 .bss           0x00000000        0x0 C:\Users\11988401\Desktop\Lab-4-Workspace\Lab-4-assess\Library\libLab3.a(RTC.o)
 .text.RTC_Init
                0x00000000       0xd0 C:\Users\11988401\Desktop\Lab-4-Workspace\Lab-4-assess\Library\libLab3.a(RTC.o)
 .debug_macro   0x00000000      0x850 C:\Users\11988401\Desktop\Lab-4-Workspace\Lab-4-assess\Library\libLab3.a(RTC.o)
 .debug_macro   0x00000000       0x16 C:\Users\11988401\Desktop\Lab-4-Workspace\Lab-4-assess\Library\libLab3.a(RTC.o)
 .debug_macro   0x00000000       0x44 C:\Users\11988401\Desktop\Lab-4-Workspace\Lab-4-assess\Library\libLab3.a(RTC.o)
 .debug_macro   0x00000000      0x209 C:\Users\11988401\Desktop\Lab-4-Workspace\Lab-4-assess\Library\libLab3.a(RTC.o)
 .debug_macro   0x00000000       0x22 C:\Users\11988401\Desktop\Lab-4-Workspace\Lab-4-assess\Library\libLab3.a(RTC.o)
 .debug_macro   0x00000000    0x174c1 C:\Users\11988401\Desktop\Lab-4-Workspace\Lab-4-assess\Library\libLab3.a(RTC.o)
 .debug_macro   0x00000000     0x1800 C:\Users\11988401\Desktop\Lab-4-Workspace\Lab-4-assess\Library\libLab3.a(RTC.o)
 .debug_macro   0x00000000      0x14e C:\Users\11988401\Desktop\Lab-4-Workspace\Lab-4-assess\Library\libLab3.a(RTC.o)
 .debug_macro   0x00000000       0x64 C:\Users\11988401\Desktop\Lab-4-Workspace\Lab-4-assess\Library\libLab3.a(RTC.o)
 .group         0x00000000        0x8 C:\Users\11988401\Desktop\Lab-4-Workspace\Lab-4-assess\Library\libLab3.a(UART.o)
 .group         0x00000000        0x8 C:\Users\11988401\Desktop\Lab-4-Workspace\Lab-4-assess\Library\libLab3.a(UART.o)
 .group         0x00000000        0x8 C:\Users\11988401\Desktop\Lab-4-Workspace\Lab-4-assess\Library\libLab3.a(UART.o)
 .group         0x00000000        0x8 C:\Users\11988401\Desktop\Lab-4-Workspace\Lab-4-assess\Library\libLab3.a(UART.o)
 .group         0x00000000        0x8 C:\Users\11988401\Desktop\Lab-4-Workspace\Lab-4-assess\Library\libLab3.a(UART.o)
 .group         0x00000000        0x8 C:\Users\11988401\Desktop\Lab-4-Workspace\Lab-4-assess\Library\libLab3.a(UART.o)
 .group         0x00000000        0x8 C:\Users\11988401\Desktop\Lab-4-Workspace\Lab-4-assess\Library\libLab3.a(UART.o)
 .group         0x00000000        0x8 C:\Users\11988401\Desktop\Lab-4-Workspace\Lab-4-assess\Library\libLab3.a(UART.o)
 .group         0x00000000        0x8 C:\Users\11988401\Desktop\Lab-4-Workspace\Lab-4-assess\Library\libLab3.a(UART.o)
 .group         0x00000000        0x8 C:\Users\11988401\Desktop\Lab-4-Workspace\Lab-4-assess\Library\libLab3.a(UART.o)
 .group         0x00000000        0x8 C:\Users\11988401\Desktop\Lab-4-Workspace\Lab-4-assess\Library\libLab3.a(UART.o)
 .text          0x00000000        0x0 C:\Users\11988401\Desktop\Lab-4-Workspace\Lab-4-assess\Library\libLab3.a(UART.o)
 .data          0x00000000        0x0 C:\Users\11988401\Desktop\Lab-4-Workspace\Lab-4-assess\Library\libLab3.a(UART.o)
 .bss           0x00000000        0x0 C:\Users\11988401\Desktop\Lab-4-Workspace\Lab-4-assess\Library\libLab3.a(UART.o)
 .text.UART_Poll
                0x00000000       0x48 C:\Users\11988401\Desktop\Lab-4-Workspace\Lab-4-assess\Library\libLab3.a(UART.o)
 .debug_macro   0x00000000      0x850 C:\Users\11988401\Desktop\Lab-4-Workspace\Lab-4-assess\Library\libLab3.a(UART.o)
 .debug_macro   0x00000000       0x16 C:\Users\11988401\Desktop\Lab-4-Workspace\Lab-4-assess\Library\libLab3.a(UART.o)
 .debug_macro   0x00000000       0x44 C:\Users\11988401\Desktop\Lab-4-Workspace\Lab-4-assess\Library\libLab3.a(UART.o)
 .debug_macro   0x00000000      0x209 C:\Users\11988401\Desktop\Lab-4-Workspace\Lab-4-assess\Library\libLab3.a(UART.o)
 .debug_macro   0x00000000       0x22 C:\Users\11988401\Desktop\Lab-4-Workspace\Lab-4-assess\Library\libLab3.a(UART.o)
 .debug_macro   0x00000000    0x174c1 C:\Users\11988401\Desktop\Lab-4-Workspace\Lab-4-assess\Library\libLab3.a(UART.o)
 .debug_macro   0x00000000     0x1800 C:\Users\11988401\Desktop\Lab-4-Workspace\Lab-4-assess\Library\libLab3.a(UART.o)
 .debug_macro   0x00000000      0x14e C:\Users\11988401\Desktop\Lab-4-Workspace\Lab-4-assess\Library\libLab3.a(UART.o)
 .debug_macro   0x00000000       0x64 C:\Users\11988401\Desktop\Lab-4-Workspace\Lab-4-assess\Library\libLab3.a(UART.o)
 .debug_macro   0x00000000       0x94 C:\Users\11988401\Desktop\Lab-4-Workspace\Lab-4-assess\Library\libLab3.a(UART.o)
 .group         0x00000000        0x8 C:\Users\11988401\Desktop\Lab-4-Workspace\Lab-4-assess\Library\libLab3.a(packet.o)
 .group         0x00000000        0x8 C:\Users\11988401\Desktop\Lab-4-Workspace\Lab-4-assess\Library\libLab3.a(packet.o)
 .group         0x00000000        0x8 C:\Users\11988401\Desktop\Lab-4-Workspace\Lab-4-assess\Library\libLab3.a(packet.o)
 .group         0x00000000        0x8 C:\Users\11988401\Desktop\Lab-4-Workspace\Lab-4-assess\Library\libLab3.a(packet.o)
 .group         0x00000000        0x8 C:\Users\11988401\Desktop\Lab-4-Workspace\Lab-4-assess\Library\libLab3.a(packet.o)
 .group         0x00000000        0x8 C:\Users\11988401\Desktop\Lab-4-Workspace\Lab-4-assess\Library\libLab3.a(packet.o)
 .text          0x00000000        0x0 C:\Users\11988401\Desktop\Lab-4-Workspace\Lab-4-assess\Library\libLab3.a(packet.o)
 .data          0x00000000        0x0 C:\Users\11988401\Desktop\Lab-4-Workspace\Lab-4-assess\Library\libLab3.a(packet.o)
 .bss           0x00000000        0x0 C:\Users\11988401\Desktop\Lab-4-Workspace\Lab-4-assess\Library\libLab3.a(packet.o)
 .rodata.NB_BYTES_PER_PACKET
                0x00000000        0x1 C:\Users\11988401\Desktop\Lab-4-Workspace\Lab-4-assess\Library\libLab3.a(packet.o)
 .debug_macro   0x00000000      0x850 C:\Users\11988401\Desktop\Lab-4-Workspace\Lab-4-assess\Library\libLab3.a(packet.o)
 .debug_macro   0x00000000       0x16 C:\Users\11988401\Desktop\Lab-4-Workspace\Lab-4-assess\Library\libLab3.a(packet.o)
 .debug_macro   0x00000000       0x44 C:\Users\11988401\Desktop\Lab-4-Workspace\Lab-4-assess\Library\libLab3.a(packet.o)
 .debug_macro   0x00000000      0x209 C:\Users\11988401\Desktop\Lab-4-Workspace\Lab-4-assess\Library\libLab3.a(packet.o)
 .debug_macro   0x00000000       0x22 C:\Users\11988401\Desktop\Lab-4-Workspace\Lab-4-assess\Library\libLab3.a(packet.o)
 .debug_macro   0x00000000       0x34 C:\Users\11988401\Desktop\Lab-4-Workspace\Lab-4-assess\Library\libLab3.a(packet.o)
 .group         0x00000000        0x8 C:\Users\11988401\Desktop\Lab-4-Workspace\Lab-4-assess\Library\libLab3.a(FIFO.o)
 .group         0x00000000        0x8 C:\Users\11988401\Desktop\Lab-4-Workspace\Lab-4-assess\Library\libLab3.a(FIFO.o)
 .group         0x00000000        0x8 C:\Users\11988401\Desktop\Lab-4-Workspace\Lab-4-assess\Library\libLab3.a(FIFO.o)
 .group         0x00000000        0x8 C:\Users\11988401\Desktop\Lab-4-Workspace\Lab-4-assess\Library\libLab3.a(FIFO.o)
 .group         0x00000000        0x8 C:\Users\11988401\Desktop\Lab-4-Workspace\Lab-4-assess\Library\libLab3.a(FIFO.o)
 .group         0x00000000        0x8 C:\Users\11988401\Desktop\Lab-4-Workspace\Lab-4-assess\Library\libLab3.a(FIFO.o)
 .group         0x00000000        0x8 C:\Users\11988401\Desktop\Lab-4-Workspace\Lab-4-assess\Library\libLab3.a(FIFO.o)
 .group         0x00000000        0x8 C:\Users\11988401\Desktop\Lab-4-Workspace\Lab-4-assess\Library\libLab3.a(FIFO.o)
 .group         0x00000000        0x8 C:\Users\11988401\Desktop\Lab-4-Workspace\Lab-4-assess\Library\libLab3.a(FIFO.o)
 .group         0x00000000        0x8 C:\Users\11988401\Desktop\Lab-4-Workspace\Lab-4-assess\Library\libLab3.a(FIFO.o)
 .text          0x00000000        0x0 C:\Users\11988401\Desktop\Lab-4-Workspace\Lab-4-assess\Library\libLab3.a(FIFO.o)
 .data          0x00000000        0x0 C:\Users\11988401\Desktop\Lab-4-Workspace\Lab-4-assess\Library\libLab3.a(FIFO.o)
 .bss           0x00000000        0x0 C:\Users\11988401\Desktop\Lab-4-Workspace\Lab-4-assess\Library\libLab3.a(FIFO.o)
 .debug_macro   0x00000000      0x850 C:\Users\11988401\Desktop\Lab-4-Workspace\Lab-4-assess\Library\libLab3.a(FIFO.o)
 .debug_macro   0x00000000       0x16 C:\Users\11988401\Desktop\Lab-4-Workspace\Lab-4-assess\Library\libLab3.a(FIFO.o)
 .debug_macro   0x00000000       0x44 C:\Users\11988401\Desktop\Lab-4-Workspace\Lab-4-assess\Library\libLab3.a(FIFO.o)
 .debug_macro   0x00000000      0x209 C:\Users\11988401\Desktop\Lab-4-Workspace\Lab-4-assess\Library\libLab3.a(FIFO.o)
 .debug_macro   0x00000000       0x22 C:\Users\11988401\Desktop\Lab-4-Workspace\Lab-4-assess\Library\libLab3.a(FIFO.o)
 .debug_macro   0x00000000     0x1800 C:\Users\11988401\Desktop\Lab-4-Workspace\Lab-4-assess\Library\libLab3.a(FIFO.o)
 .debug_macro   0x00000000      0x14e C:\Users\11988401\Desktop\Lab-4-Workspace\Lab-4-assess\Library\libLab3.a(FIFO.o)
 .debug_macro   0x00000000       0x64 C:\Users\11988401\Desktop\Lab-4-Workspace\Lab-4-assess\Library\libLab3.a(FIFO.o)
 .debug_macro   0x00000000    0x174c1 C:\Users\11988401\Desktop\Lab-4-Workspace\Lab-4-assess\Library\libLab3.a(FIFO.o)
 .debug_macro   0x00000000       0x94 C:\Users\11988401\Desktop\Lab-4-Workspace\Lab-4-assess\Library\libLab3.a(FIFO.o)
 .text          0x00000000        0x0 c:/freescale/kds_3.0.0/toolchain/bin/../lib/gcc/arm-none-eabi/4.8.4/../../../../arm-none-eabi/lib/armv7e-m/fpu\libg_s.a(lib_a-exit.o)
 .data          0x00000000        0x0 c:/freescale/kds_3.0.0/toolchain/bin/../lib/gcc/arm-none-eabi/4.8.4/../../../../arm-none-eabi/lib/armv7e-m/fpu\libg_s.a(lib_a-exit.o)
 .bss           0x00000000        0x0 c:/freescale/kds_3.0.0/toolchain/bin/../lib/gcc/arm-none-eabi/4.8.4/../../../../arm-none-eabi/lib/armv7e-m/fpu\libg_s.a(lib_a-exit.o)
 .text          0x00000000        0x0 c:/freescale/kds_3.0.0/toolchain/bin/../lib/gcc/arm-none-eabi/4.8.4/../../../../arm-none-eabi/lib/armv7e-m/fpu\libg_s.a(lib_a-impure.o)
 .data          0x00000000        0x0 c:/freescale/kds_3.0.0/toolchain/bin/../lib/gcc/arm-none-eabi/4.8.4/../../../../arm-none-eabi/lib/armv7e-m/fpu\libg_s.a(lib_a-impure.o)
 .bss           0x00000000        0x0 c:/freescale/kds_3.0.0/toolchain/bin/../lib/gcc/arm-none-eabi/4.8.4/../../../../arm-none-eabi/lib/armv7e-m/fpu\libg_s.a(lib_a-impure.o)
 .data._impure_ptr
                0x00000000        0x4 c:/freescale/kds_3.0.0/toolchain/bin/../lib/gcc/arm-none-eabi/4.8.4/../../../../arm-none-eabi/lib/armv7e-m/fpu\libg_s.a(lib_a-impure.o)
 .text          0x00000000        0x0 c:/freescale/kds_3.0.0/toolchain/bin/../lib/gcc/arm-none-eabi/4.8.4/../../../../arm-none-eabi/lib/armv7e-m/fpu\libg_s.a(lib_a-init.o)
 .data          0x00000000        0x0 c:/freescale/kds_3.0.0/toolchain/bin/../lib/gcc/arm-none-eabi/4.8.4/../../../../arm-none-eabi/lib/armv7e-m/fpu\libg_s.a(lib_a-init.o)
 .bss           0x00000000        0x0 c:/freescale/kds_3.0.0/toolchain/bin/../lib/gcc/arm-none-eabi/4.8.4/../../../../arm-none-eabi/lib/armv7e-m/fpu\libg_s.a(lib_a-init.o)
 .text          0x00000000        0x0 c:/freescale/kds_3.0.0/toolchain/bin/../lib/gcc/arm-none-eabi/4.8.4/../../../../arm-none-eabi/lib/armv7e-m/fpu\libg_s.a(lib_a-memset.o)
 .data          0x00000000        0x0 c:/freescale/kds_3.0.0/toolchain/bin/../lib/gcc/arm-none-eabi/4.8.4/../../../../arm-none-eabi/lib/armv7e-m/fpu\libg_s.a(lib_a-memset.o)
 .bss           0x00000000        0x0 c:/freescale/kds_3.0.0/toolchain/bin/../lib/gcc/arm-none-eabi/4.8.4/../../../../arm-none-eabi/lib/armv7e-m/fpu\libg_s.a(lib_a-memset.o)
 .text          0x00000000        0x0 c:/freescale/kds_3.0.0/toolchain/bin/../lib/gcc/arm-none-eabi/4.8.4/../../../../arm-none-eabi/lib/armv7e-m/fpu\libnosys.a(_exit.o)
 .data          0x00000000        0x0 c:/freescale/kds_3.0.0/toolchain/bin/../lib/gcc/arm-none-eabi/4.8.4/../../../../arm-none-eabi/lib/armv7e-m/fpu\libnosys.a(_exit.o)
 .bss           0x00000000        0x0 c:/freescale/kds_3.0.0/toolchain/bin/../lib/gcc/arm-none-eabi/4.8.4/../../../../arm-none-eabi/lib/armv7e-m/fpu\libnosys.a(_exit.o)
 .text          0x00000000        0x0 c:/freescale/kds_3.0.0/toolchain/bin/../lib/gcc/arm-none-eabi/4.8.4/armv7e-m/fpu/crtend.o
 .data          0x00000000        0x0 c:/freescale/kds_3.0.0/toolchain/bin/../lib/gcc/arm-none-eabi/4.8.4/armv7e-m/fpu/crtend.o
 .bss           0x00000000        0x0 c:/freescale/kds_3.0.0/toolchain/bin/../lib/gcc/arm-none-eabi/4.8.4/armv7e-m/fpu/crtend.o
 .eh_frame      0x00000000        0x4 c:/freescale/kds_3.0.0/toolchain/bin/../lib/gcc/arm-none-eabi/4.8.4/armv7e-m/fpu/crtend.o
 .jcr           0x00000000        0x4 c:/freescale/kds_3.0.0/toolchain/bin/../lib/gcc/arm-none-eabi/4.8.4/armv7e-m/fpu/crtend.o
 .ARM.attributes
                0x00000000       0x34 c:/freescale/kds_3.0.0/toolchain/bin/../lib/gcc/arm-none-eabi/4.8.4/armv7e-m/fpu/crtend.o
 .text          0x00000000        0x0 c:/freescale/kds_3.0.0/toolchain/bin/../lib/gcc/arm-none-eabi/4.8.4/armv7e-m/fpu/crtn.o
 .data          0x00000000        0x0 c:/freescale/kds_3.0.0/toolchain/bin/../lib/gcc/arm-none-eabi/4.8.4/armv7e-m/fpu/crtn.o
 .bss           0x00000000        0x0 c:/freescale/kds_3.0.0/toolchain/bin/../lib/gcc/arm-none-eabi/4.8.4/armv7e-m/fpu/crtn.o

Memory Configuration

Name             Origin             Length             Attributes
m_interrupts     0x00000000         0x000001e8         xr
m_text           0x00000410         0x0007fbf0         xr
m_data           0x1fff0000         0x00010000         rw
m_data_20000000  0x20000000         0x00010000         rw
m_cfmprotrom     0x00000400         0x00000010         xr
*default*        0x00000000         0xffffffff

Linker script and memory map

LOAD c:/freescale/kds_3.0.0/toolchain/bin/../lib/gcc/arm-none-eabi/4.8.4/armv7e-m/fpu/crti.o
LOAD c:/freescale/kds_3.0.0/toolchain/bin/../lib/gcc/arm-none-eabi/4.8.4/armv7e-m/fpu/crtbegin.o
LOAD c:/freescale/kds_3.0.0/toolchain/bin/../lib/gcc/arm-none-eabi/4.8.4/../../../../arm-none-eabi/lib/armv7e-m/fpu/crt0.o
LOAD ./Sources/I2C.o
LOAD ./Sources/accel.o
LOAD ./Sources/main.o
LOAD ./Sources/median.o
LOAD ./Project_Settings/Startup_Code/startup.o
LOAD ./Generated_Code/Cpu.o
LOAD ./Generated_Code/Vectors.o
LOAD C:\Users\11988401\Desktop\Lab-4-Workspace\Lab-4-assess\Library\libLab3.a
LOAD c:/freescale/kds_3.0.0/toolchain/bin/../lib/gcc/arm-none-eabi/4.8.4/../../../../arm-none-eabi/lib/armv7e-m/fpu\libstdc++_s.a
LOAD c:/freescale/kds_3.0.0/toolchain/bin/../lib/gcc/arm-none-eabi/4.8.4/../../../../arm-none-eabi/lib/armv7e-m/fpu\libm.a
START GROUP
LOAD c:/freescale/kds_3.0.0/toolchain/bin/../lib/gcc/arm-none-eabi/4.8.4/armv7e-m/fpu\libgcc.a
LOAD c:/freescale/kds_3.0.0/toolchain/bin/../lib/gcc/arm-none-eabi/4.8.4/../../../../arm-none-eabi/lib/armv7e-m/fpu\libg_s.a
LOAD c:/freescale/kds_3.0.0/toolchain/bin/../lib/gcc/arm-none-eabi/4.8.4/../../../../arm-none-eabi/lib/armv7e-m/fpu\libc_s.a
END GROUP
START GROUP
LOAD c:/freescale/kds_3.0.0/toolchain/bin/../lib/gcc/arm-none-eabi/4.8.4/armv7e-m/fpu\libgcc.a
LOAD c:/freescale/kds_3.0.0/toolchain/bin/../lib/gcc/arm-none-eabi/4.8.4/../../../../arm-none-eabi/lib/armv7e-m/fpu\libc_s.a
LOAD c:/freescale/kds_3.0.0/toolchain/bin/../lib/gcc/arm-none-eabi/4.8.4/../../../../arm-none-eabi/lib/armv7e-m/fpu\libnosys.a
END GROUP
START GROUP
LOAD c:/freescale/kds_3.0.0/toolchain/bin/../lib/gcc/arm-none-eabi/4.8.4/armv7e-m/fpu\libgcc.a
LOAD c:/freescale/kds_3.0.0/toolchain/bin/../lib/gcc/arm-none-eabi/4.8.4/../../../../arm-none-eabi/lib/armv7e-m/fpu\libc_s.a
LOAD c:/freescale/kds_3.0.0/toolchain/bin/../lib/gcc/arm-none-eabi/4.8.4/../../../../arm-none-eabi/lib/armv7e-m/fpu\libnosys.a
END GROUP
LOAD c:/freescale/kds_3.0.0/toolchain/bin/../lib/gcc/arm-none-eabi/4.8.4/armv7e-m/fpu/crtend.o
LOAD c:/freescale/kds_3.0.0/toolchain/bin/../lib/gcc/arm-none-eabi/4.8.4/armv7e-m/fpu/crtn.o
                0x20000000                _estack = 0x20000000
                0x20000000                __SP_INIT = _estack
                0x20000000                __stack = _estack
                0x00000000                __heap_size = 0x0
                0x00000400                __stack_size = 0x400

.interrupts     0x00000000      0x1e8
                0x00000000                __vector_table = .
                0x00000000                . = ALIGN (0x4)
 *(.vectortable)
 .vectortable   0x00000000      0x1e8 ./Generated_Code/Vectors.o
                0x00000000                __vect_table
                0x000001e8                . = ALIGN (0x4)

.cfmprotect     0x00000400       0x10
                0x00000400                . = ALIGN (0x4)
 *(.cfmconfig)
 .cfmconfig     0x00000400       0x10 ./Generated_Code/Cpu.o
                0x00000400                _cfm
                0x00000410                . = ALIGN (0x4)

.text           0x00000410     0x2594
                0x00000410                . = ALIGN (0x4)
 *(.text)
 .text          0x00000410       0x54 c:/freescale/kds_3.0.0/toolchain/bin/../lib/gcc/arm-none-eabi/4.8.4/armv7e-m/fpu/crtbegin.o
 .text          0x00000464       0x74 c:/freescale/kds_3.0.0/toolchain/bin/../lib/gcc/arm-none-eabi/4.8.4/../../../../arm-none-eabi/lib/armv7e-m/fpu/crt0.o
                0x00000464                _start
                0x00000464                _mainCRTStartup
 *(.text*)
 .text.I2C_Init
                0x000004d8      0x134 ./Sources/I2C.o
                0x000004d8                I2C_Init
 .text.I2C_SelectSlaveDevice
                0x0000060c       0x58 ./Sources/I2C.o
                0x0000060c                I2C_SelectSlaveDevice
 .text.I2C_Write
                0x00000664       0xcc ./Sources/I2C.o
                0x00000664                I2C_Write
 .text.I2C_PollRead
                0x00000730      0x148 ./Sources/I2C.o
                0x00000730                I2C_PollRead
 .text.I2C_IntRead
                0x00000878       0xf8 ./Sources/I2C.o
                0x00000878                I2C_IntRead
 .text.Accel_Init
                0x00000970       0xe8 ./Sources/accel.o
                0x00000970                Accel_Init
 .text.Accel_ReadXYZ
                0x00000a58       0xa0 ./Sources/accel.o
                0x00000a58                Accel_ReadXYZ
 .text.Accel_SetMode
                0x00000af8       0x98 ./Sources/accel.o
                0x00000af8                Accel_SetMode
 .text.HandleStartupPacket
                0x00000b90      0x124 ./Sources/main.o
                0x00000b90                HandleStartupPacket
 .text.HandleVersionPacket
                0x00000cb4       0x18 ./Sources/main.o
                0x00000cb4                HandleVersionPacket
 .text.HandleNumberPacket
                0x00000ccc       0x8c ./Sources/main.o
                0x00000ccc                HandleNumberPacket
 .text.HandleTowerModePacket
                0x00000d58       0x8c ./Sources/main.o
                0x00000d58                HandleTowerModePacket
 .text.HandleProgBytePacket
                0x00000de4       0x40 ./Sources/main.o
                0x00000de4                HandleProgBytePacket
 .text.HandleReadBytePacket
                0x00000e24       0x34 ./Sources/main.o
                0x00000e24                HandleReadBytePacket
 .text.HandleSetTimePacket
                0x00000e58       0x64 ./Sources/main.o
                0x00000e58                HandleSetTimePacket
 .text.HandleModePacket
                0x00000ebc       0x74 ./Sources/main.o
                0x00000ebc                HandleModePacket
 .text.HandlePacket
                0x00000f30      0x118 ./Sources/main.o
                0x00000f30                HandlePacket
 .text.PITCallback
                0x00001048       0x74 ./Sources/main.o
                0x00001048                PITCallback
 .text.FTM0Callback
                0x000010bc       0x18 ./Sources/main.o
                0x000010bc                FTM0Callback
 .text.AccelCallback
                0x000010d4       0x18 ./Sources/main.o
                0x000010d4                AccelCallback
 .text.I2CCallback
                0x000010ec       0xb4 ./Sources/main.o
                0x000010ec                I2CCallback
 .text.main     0x000011a0       0xf4 ./Sources/main.o
                0x000011a0                main
 .text.Median_Filter3
                0x00001294       0x5c ./Sources/median.o
                0x00001294                Median_Filter3
 .text.__copy_rom_section
                0x000012f0       0xe4 ./Project_Settings/Startup_Code/startup.o
                0x000012f0                __copy_rom_section
 .text.__copy_rom_sections_to_ram
                0x000013d4       0x9c ./Project_Settings/Startup_Code/startup.o
                0x000013d4                __copy_rom_sections_to_ram
 .text.__init_registers
                0x00001470       0x20 ./Project_Settings/Startup_Code/startup.o
                0x00001470                __init_registers
 .text.__init_user
                0x00001490        0xc ./Project_Settings/Startup_Code/startup.o
                0x00001490                __init_user
 .text.__thumb_startup
                0x0000149c       0x34 ./Project_Settings/Startup_Code/startup.o
                0x0000149c                __thumb_startup
 .text.Cpu_Interrupt
                0x000014d0       0x18 ./Generated_Code/Cpu.o
                0x000014d0                Cpu_Interrupt
 .text.__init_hardware
                0x000014e8      0x1cc ./Generated_Code/Cpu.o
                0x000014e8                __init_hardware
 .text.Cpu_SetBASEPRI
                0x000016b4       0x18 ./Generated_Code/Cpu.o
                0x000016b4                Cpu_SetBASEPRI
 .text.PE_low_level_init
                0x000016cc       0xe4 ./Generated_Code/Cpu.o
                0x000016cc                PE_low_level_init
 .text.FTM_Init
                0x000017b0       0x98 C:\Users\11988401\Desktop\Lab-4-Workspace\Lab-4-assess\Library\libLab3.a(FTM.o)
                0x000017b0                FTM_Init
 .text.FTM_Set  0x00001848       0xf0 C:\Users\11988401\Desktop\Lab-4-Workspace\Lab-4-assess\Library\libLab3.a(FTM.o)
                0x00001848                FTM_Set
 .text.FTM0_ISR
                0x00001938       0xb8 C:\Users\11988401\Desktop\Lab-4-Workspace\Lab-4-assess\Library\libLab3.a(FTM.o)
                0x00001938                FTM0_ISR
 .text.LaunchCommand
                0x000019f0       0x60 C:\Users\11988401\Desktop\Lab-4-Workspace\Lab-4-assess\Library\libLab3.a(Flash.o)
 .text.WritePhrase
                0x00001a50       0x94 C:\Users\11988401\Desktop\Lab-4-Workspace\Lab-4-assess\Library\libLab3.a(Flash.o)
 .text.EraseSector
                0x00001ae4       0x74 C:\Users\11988401\Desktop\Lab-4-Workspace\Lab-4-assess\Library\libLab3.a(Flash.o)
 .text.ModifyPhrase
                0x00001b58       0x34 C:\Users\11988401\Desktop\Lab-4-Workspace\Lab-4-assess\Library\libLab3.a(Flash.o)
 .text.Flash_Init
                0x00001b8c       0x28 C:\Users\11988401\Desktop\Lab-4-Workspace\Lab-4-assess\Library\libLab3.a(Flash.o)
                0x00001b8c                Flash_Init
 .text.Flash_AllocateVar
                0x00001bb4       0x9c C:\Users\11988401\Desktop\Lab-4-Workspace\Lab-4-assess\Library\libLab3.a(Flash.o)
                0x00001bb4                Flash_AllocateVar
 .text.Flash_Write32
                0x00001c50       0x64 C:\Users\11988401\Desktop\Lab-4-Workspace\Lab-4-assess\Library\libLab3.a(Flash.o)
                0x00001c50                Flash_Write32
 .text.Flash_Write16
                0x00001cb4       0x64 C:\Users\11988401\Desktop\Lab-4-Workspace\Lab-4-assess\Library\libLab3.a(Flash.o)
                0x00001cb4                Flash_Write16
 .text.Flash_Write8
                0x00001d18       0x4c C:\Users\11988401\Desktop\Lab-4-Workspace\Lab-4-assess\Library\libLab3.a(Flash.o)
                0x00001d18                Flash_Write8
 .text.Flash_Erase
                0x00001d64       0x1c C:\Users\11988401\Desktop\Lab-4-Workspace\Lab-4-assess\Library\libLab3.a(Flash.o)
                0x00001d64                Flash_Erase
 .text.LEDs_Init
                0x00001d80       0x70 C:\Users\11988401\Desktop\Lab-4-Workspace\Lab-4-assess\Library\libLab3.a(LEDs.o)
                0x00001d80                LEDs_Init
 .text.LEDs_On  0x00001df0       0x1c C:\Users\11988401\Desktop\Lab-4-Workspace\Lab-4-assess\Library\libLab3.a(LEDs.o)
                0x00001df0                LEDs_On
 .text.LEDs_Off
                0x00001e0c       0x1c C:\Users\11988401\Desktop\Lab-4-Workspace\Lab-4-assess\Library\libLab3.a(LEDs.o)
                0x00001e0c                LEDs_Off
 .text.LEDs_Toggle
                0x00001e28       0x1c C:\Users\11988401\Desktop\Lab-4-Workspace\Lab-4-assess\Library\libLab3.a(LEDs.o)
                0x00001e28                LEDs_Toggle
 .text.PIT_Init
                0x00001e44       0x98 C:\Users\11988401\Desktop\Lab-4-Workspace\Lab-4-assess\Library\libLab3.a(PIT.o)
                0x00001e44                PIT_Init
 .text.PIT_Set  0x00001edc       0x68 C:\Users\11988401\Desktop\Lab-4-Workspace\Lab-4-assess\Library\libLab3.a(PIT.o)
                0x00001edc                PIT_Set
 .text.PIT_Enable
                0x00001f44       0x40 C:\Users\11988401\Desktop\Lab-4-Workspace\Lab-4-assess\Library\libLab3.a(PIT.o)
                0x00001f44                PIT_Enable
 .text.PIT_ISR  0x00001f84       0x40 C:\Users\11988401\Desktop\Lab-4-Workspace\Lab-4-assess\Library\libLab3.a(PIT.o)
                0x00001f84                PIT_ISR
 .text.RTC_Set  0x00001fc4       0x5c C:\Users\11988401\Desktop\Lab-4-Workspace\Lab-4-assess\Library\libLab3.a(RTC.o)
                0x00001fc4                RTC_Set
 .text.RTC_Get  0x00002020       0xa0 C:\Users\11988401\Desktop\Lab-4-Workspace\Lab-4-assess\Library\libLab3.a(RTC.o)
                0x00002020                RTC_Get
 .text.RTC_ISR  0x000020c0       0x34 C:\Users\11988401\Desktop\Lab-4-Workspace\Lab-4-assess\Library\libLab3.a(RTC.o)
                0x000020c0                RTC_ISR
 .text.UART_Init
                0x000020f4      0x324 C:\Users\11988401\Desktop\Lab-4-Workspace\Lab-4-assess\Library\libLab3.a(UART.o)
                0x000020f4                UART_Init
 .text.UART_InChar
                0x00002418       0x20 C:\Users\11988401\Desktop\Lab-4-Workspace\Lab-4-assess\Library\libLab3.a(UART.o)
                0x00002418                UART_InChar
 .text.UART_OutChar
                0x00002438       0x88 C:\Users\11988401\Desktop\Lab-4-Workspace\Lab-4-assess\Library\libLab3.a(UART.o)
                0x00002438                UART_OutChar
 .text.UART_ISR
                0x000024c0       0x90 C:\Users\11988401\Desktop\Lab-4-Workspace\Lab-4-assess\Library\libLab3.a(UART.o)
                0x000024c0                UART_ISR
 .text.Packet_Init
                0x00002550       0x20 C:\Users\11988401\Desktop\Lab-4-Workspace\Lab-4-assess\Library\libLab3.a(packet.o)
                0x00002550                Packet_Init
 .text.CalcChecksum
                0x00002570       0x30 C:\Users\11988401\Desktop\Lab-4-Workspace\Lab-4-assess\Library\libLab3.a(packet.o)
 .text.Packet_Get
                0x000025a0       0x90 C:\Users\11988401\Desktop\Lab-4-Workspace\Lab-4-assess\Library\libLab3.a(packet.o)
                0x000025a0                Packet_Get
 .text.Packet_Put
                0x00002630       0x90 C:\Users\11988401\Desktop\Lab-4-Workspace\Lab-4-assess\Library\libLab3.a(packet.o)
                0x00002630                Packet_Put
 .text.FIFO_Init
                0x000026c0       0x6c C:\Users\11988401\Desktop\Lab-4-Workspace\Lab-4-assess\Library\libLab3.a(FIFO.o)
                0x000026c0                FIFO_Init
 .text.FIFO_Put
                0x0000272c       0xa8 C:\Users\11988401\Desktop\Lab-4-Workspace\Lab-4-assess\Library\libLab3.a(FIFO.o)
                0x0000272c                FIFO_Put
 .text.FIFO_Get
                0x000027d4       0xa8 C:\Users\11988401\Desktop\Lab-4-Workspace\Lab-4-assess\Library\libLab3.a(FIFO.o)
                0x000027d4                FIFO_Get
 .text.exit     0x0000287c       0x28 c:/freescale/kds_3.0.0/toolchain/bin/../lib/gcc/arm-none-eabi/4.8.4/../../../../arm-none-eabi/lib/armv7e-m/fpu\libg_s.a(lib_a-exit.o)
                0x0000287c                exit
 .text.__libc_init_array
                0x000028a4       0x4c c:/freescale/kds_3.0.0/toolchain/bin/../lib/gcc/arm-none-eabi/4.8.4/../../../../arm-none-eabi/lib/armv7e-m/fpu\libg_s.a(lib_a-init.o)
                0x000028a4                __libc_init_array
 .text.memset   0x000028f0       0x10 c:/freescale/kds_3.0.0/toolchain/bin/../lib/gcc/arm-none-eabi/4.8.4/../../../../arm-none-eabi/lib/armv7e-m/fpu\libg_s.a(lib_a-memset.o)
                0x000028f0                memset
 .text._exit    0x00002900        0x4 c:/freescale/kds_3.0.0/toolchain/bin/../lib/gcc/arm-none-eabi/4.8.4/../../../../arm-none-eabi/lib/armv7e-m/fpu\libnosys.a(_exit.o)
                0x00002900                _exit
 *(.rodata)
 *(.rodata*)
 .rodata.SclDivider
                0x00002904       0x80 ./Sources/I2C.o
 .rodata.PACKET_ACK_MASK
                0x00002984        0x1 C:\Users\11988401\Desktop\Lab-4-Workspace\Lab-4-assess\Library\libLab3.a(packet.o)
                0x00002984                PACKET_ACK_MASK
 .rodata.str1.1
                0x00002985        0x2 c:/freescale/kds_3.0.0/toolchain/bin/../lib/gcc/arm-none-eabi/4.8.4/../../../../arm-none-eabi/lib/armv7e-m/fpu\libg_s.a(lib_a-impure.o)
 *fill*         0x00002987        0x1 
 .rodata._global_impure_ptr
                0x00002988        0x4 c:/freescale/kds_3.0.0/toolchain/bin/../lib/gcc/arm-none-eabi/4.8.4/../../../../arm-none-eabi/lib/armv7e-m/fpu\libg_s.a(lib_a-impure.o)
                0x00002988                _global_impure_ptr
 *(.glue_7)
 .glue_7        0x00000000        0x0 linker stubs
 *(.glue_7t)
 .glue_7t       0x00000000        0x0 linker stubs
 *(.eh_frame)
 .eh_frame      0x0000298c        0x0 c:/freescale/kds_3.0.0/toolchain/bin/../lib/gcc/arm-none-eabi/4.8.4/armv7e-m/fpu/crtbegin.o
 *(.init)
 .init          0x0000298c        0x4 c:/freescale/kds_3.0.0/toolchain/bin/../lib/gcc/arm-none-eabi/4.8.4/armv7e-m/fpu/crti.o
                0x0000298c                _init
 .init          0x00002990        0x8 c:/freescale/kds_3.0.0/toolchain/bin/../lib/gcc/arm-none-eabi/4.8.4/armv7e-m/fpu/crtn.o
 *(.fini)
 .fini          0x00002998        0x4 c:/freescale/kds_3.0.0/toolchain/bin/../lib/gcc/arm-none-eabi/4.8.4/armv7e-m/fpu/crti.o
                0x00002998                _fini
 .fini          0x0000299c        0x8 c:/freescale/kds_3.0.0/toolchain/bin/../lib/gcc/arm-none-eabi/4.8.4/armv7e-m/fpu/crtn.o
                0x000029a4                . = ALIGN (0x4)
                0x000029a4                _etext = .

.vfp11_veneer   0x000029a4        0x0
 .vfp11_veneer  0x00000000        0x0 linker stubs

.v4_bx          0x000029a4        0x0
 .v4_bx         0x00000000        0x0 linker stubs

.iplt           0x000029a4        0x0
 .iplt          0x00000000        0x0 c:/freescale/kds_3.0.0/toolchain/bin/../lib/gcc/arm-none-eabi/4.8.4/armv7e-m/fpu/crtbegin.o

.ARM.extab
 *(.ARM.extab* .gnu.linkonce.armextab.*)

.ARM            0x000029a4        0x8
                0x000029a4                __exidx_start = .
 *(.ARM.exidx*)
 .ARM.exidx     0x000029a4        0x8 c:/freescale/kds_3.0.0/toolchain/bin/../lib/gcc/arm-none-eabi/4.8.4/../../../../arm-none-eabi/lib/armv7e-m/fpu/crt0.o
                0x000029ac                __exidx_end = .

.rel.dyn        0x000029ac        0x0
 .rel.iplt      0x00000000        0x0 c:/freescale/kds_3.0.0/toolchain/bin/../lib/gcc/arm-none-eabi/4.8.4/armv7e-m/fpu/crtbegin.o

.ctors          0x000029ac        0x0
                0x000029ac                __CTOR_LIST__ = .
 *crtbegin.o(.ctors)
 *(EXCLUDE_FILE(*crtend.o) .ctors)
 *(SORT(.ctors.*))
 *(.ctors)
                0x000029ac                __CTOR_END__ = .

.dtors          0x000029ac        0x0
                0x000029ac                __DTOR_LIST__ = .
 *crtbegin.o(.dtors)
 *(EXCLUDE_FILE(*crtend.o) .dtors)
 *(SORT(.dtors.*))
 *(.dtors)
                0x000029ac                __DTOR_END__ = .

.preinit_array  0x000029ac        0x0
                0x000029ac                PROVIDE (__preinit_array_start, .)
 *(.preinit_array*)
                0x000029ac                PROVIDE (__preinit_array_end, .)

.init_array     0x000029ac        0x4
                0x000029ac                PROVIDE (__init_array_start, .)
 *(SORT(.init_array.*))
 *(.init_array*)
 .init_array    0x000029ac        0x4 c:/freescale/kds_3.0.0/toolchain/bin/../lib/gcc/arm-none-eabi/4.8.4/armv7e-m/fpu/crtbegin.o
                0x000029b0                PROVIDE (__init_array_end, .)

.fini_array     0x000029b0        0x4
                0x000029b0                PROVIDE (__fini_array_start, .)
 *(SORT(.fini_array.*))
 *(.fini_array*)
 .fini_array    0x000029b0        0x4 c:/freescale/kds_3.0.0/toolchain/bin/../lib/gcc/arm-none-eabi/4.8.4/armv7e-m/fpu/crtbegin.o
                0x000029b4                PROVIDE (__fini_array_end, .)
                0x000029b4                ___ROM_AT = .

.data           0x1fff0000       0x64 load address 0x000029b4
                0x1fff0000                . = ALIGN (0x4)
                0x1fff0000                _sdata = .
 *(.data)
 *(.data*)
 .data.freeList.5646
                0x1fff0000        0x1 C:\Users\11988401\Desktop\Lab-4-Workspace\Lab-4-assess\Library\libLab3.a(Flash.o)
 *fill*         0x1fff0001        0x3 
 .data.impure_data
                0x1fff0004       0x60 c:/freescale/kds_3.0.0/toolchain/bin/../lib/gcc/arm-none-eabi/4.8.4/../../../../arm-none-eabi/lib/armv7e-m/fpu\libg_s.a(lib_a-impure.o)
                0x1fff0064                . = ALIGN (0x4)
                0x1fff0064                _edata = .
                0x00000064                ___data_size = (_edata - _sdata)
                0x00002a18                ___m_data_20000000_ROMStart = (___ROM_AT + SIZEOF (.data))

.jcr            0x1fff0064        0x0 load address 0x00002a18
 .jcr           0x1fff0064        0x0 c:/freescale/kds_3.0.0/toolchain/bin/../lib/gcc/arm-none-eabi/4.8.4/armv7e-m/fpu/crtbegin.o

.igot.plt       0x1fff0064        0x0 load address 0x00002a18
 .igot.plt      0x00000000        0x0 c:/freescale/kds_3.0.0/toolchain/bin/../lib/gcc/arm-none-eabi/4.8.4/armv7e-m/fpu/crtbegin.o

.m_data_20000000
                0x20000000        0x0 load address 0x00002a18
                0x20000000                . = ALIGN (0x4)
                0x20000000                ___m_data_20000000_RAMStart = .
 *(.m_data_20000000)
                0x20000000                ___m_data_20000000_RAMEnd = .
                0x20000000                . = ALIGN (0x4)
                0x00000000                ___m_data_20000000_ROMSize = (___m_data_20000000_RAMEnd - ___m_data_20000000_RAMStart)
                0x20000000                . = ALIGN (0x4)

.bss            0x1fff0064      0x2e4 load address 0x00002a18
                0x1fff0064                __START_BSS = .
                0x1fff0064                PROVIDE (__bss_start__, __START_BSS)
 *(.bss)
 .bss           0x1fff0064       0x1c c:/freescale/kds_3.0.0/toolchain/bin/../lib/gcc/arm-none-eabi/4.8.4/armv7e-m/fpu/crtbegin.o
 *(.bss*)
 .bss.ReadCompleteCallbackFunction
                0x1fff0080        0x4 ./Sources/I2C.o
 .bss.ReadCompleteCallbackArguments
                0x1fff0084        0x4 ./Sources/I2C.o
 .bss.PrimarySlaveAddress
                0x1fff0088        0x1 ./Sources/I2C.o
 .bss.SlaveAddressWrite
                0x1fff0089        0x1 ./Sources/I2C.o
 .bss.SlaveAddressRead
                0x1fff008a        0x1 ./Sources/I2C.o
 .bss.IsrNbBytes
                0x1fff008b        0x1 ./Sources/I2C.o
 .bss.IsrData   0x1fff008c        0x4 ./Sources/I2C.o
 .bss.DataReadyCallbackFunction
                0x1fff0090        0x4 ./Sources/accel.o
 .bss.DataReadyCallbackArguments
                0x1fff0094        0x4 ./Sources/accel.o
 .bss.SynchronousMode
                0x1fff0098        0x1 ./Sources/accel.o
 *fill*         0x1fff0099        0x3 
 .bss.accelData.6670
                0x1fff009c        0xc ./Sources/accel.o
 .bss.towerNumber
                0x1fff00a8        0x4 ./Sources/main.o
                0x1fff00a8                towerNumber
 .bss.towerMode
                0x1fff00ac        0x4 ./Sources/main.o
                0x1fff00ac                towerMode
 .bss.accelDataOld
                0x1fff00b0        0x4 ./Sources/main.o
 .bss.accelDataNew
                0x1fff00b4        0x4 ./Sources/main.o
 .bss.synchronousMode
                0x1fff00b8        0x1 ./Sources/main.o
 *fill*         0x1fff00b9        0x3 
 .bss.accelData.6787
                0x1fff00bc        0xc ./Sources/main.o
 .bss.SR_lock   0x1fff00c8        0x1 ./Generated_Code/Cpu.o
                0x1fff00c8                SR_lock
 *fill*         0x1fff00c9        0x3 
 .bss.UserFunction
                0x1fff00cc       0x20 C:\Users\11988401\Desktop\Lab-4-Workspace\Lab-4-assess\Library\libLab3.a(FTM.o)
 .bss.UserArguments
                0x1fff00ec       0x20 C:\Users\11988401\Desktop\Lab-4-Workspace\Lab-4-assess\Library\libLab3.a(FTM.o)
 .bss.FlashCommonCommandObject
                0x1fff010c        0xc C:\Users\11988401\Desktop\Lab-4-Workspace\Lab-4-assess\Library\libLab3.a(Flash.o)
 .bss.NanoSecondsPerTick
                0x1fff0118        0x4 C:\Users\11988401\Desktop\Lab-4-Workspace\Lab-4-assess\Library\libLab3.a(PIT.o)
 .bss.UserFunction
                0x1fff011c        0x4 C:\Users\11988401\Desktop\Lab-4-Workspace\Lab-4-assess\Library\libLab3.a(PIT.o)
 .bss.UserArguments
                0x1fff0120        0x4 C:\Users\11988401\Desktop\Lab-4-Workspace\Lab-4-assess\Library\libLab3.a(PIT.o)
 .bss.UserFunction
                0x1fff0124        0x4 C:\Users\11988401\Desktop\Lab-4-Workspace\Lab-4-assess\Library\libLab3.a(RTC.o)
 .bss.UserArguments
                0x1fff0128        0x4 C:\Users\11988401\Desktop\Lab-4-Workspace\Lab-4-assess\Library\libLab3.a(RTC.o)
 .bss.TxFIFO    0x1fff012c      0x108 C:\Users\11988401\Desktop\Lab-4-Workspace\Lab-4-assess\Library\libLab3.a(UART.o)
 .bss.RxFIFO    0x1fff0234      0x108 C:\Users\11988401\Desktop\Lab-4-Workspace\Lab-4-assess\Library\libLab3.a(UART.o)
 .bss.nbBytesInPacket.4074
                0x1fff033c        0x1 C:\Users\11988401\Desktop\Lab-4-Workspace\Lab-4-assess\Library\libLab3.a(packet.o)
 *(COMMON)
 COMMON         0x1fff033d        0x1 ./Generated_Code/Cpu.o
                0x1fff033d                SR_reg
 *fill*         0x1fff033e        0x2 
 COMMON         0x1fff0340        0x5 C:\Users\11988401\Desktop\Lab-4-Workspace\Lab-4-assess\Library\libLab3.a(packet.o)
                0x1fff0340                Packet
                0x1fff0348                . = ALIGN (0x4)
 *fill*         0x1fff0345        0x3 
                0x1fff0348                __END_BSS = .
                0x1fff0348                PROVIDE (__bss_end__, __END_BSS)
                0x00002a18                _romp_at = ((___ROM_AT + SIZEOF (.data)) + SIZEOF (.m_data_20000000))

.romp           0x1fff0348       0x24 load address 0x00002a18
                0x00002a18                __S_romp = _romp_at
                0x1fff0348        0x4 LONG 0x29b4 ___ROM_AT
                0x1fff034c        0x4 LONG 0x1fff0000 _sdata
                0x1fff0350        0x4 LONG 0x64 ___data_size
                0x1fff0354        0x4 LONG 0x2a18 ___m_data_20000000_ROMStart
                0x1fff0358        0x4 LONG 0x20000000 ___m_data_20000000_RAMStart
                0x1fff035c        0x4 LONG 0x0 ___m_data_20000000_ROMSize
                0x1fff0360        0x4 LONG 0x0
                0x1fff0364        0x4 LONG 0x0
                0x1fff0368        0x4 LONG 0x0

._user_heap_stack
                0x1fff036c      0x400 load address 0x00002a3c
                0x1fff036c                . = ALIGN (0x4)
                0x1fff036c                PROVIDE (end, .)
                0x1fff036c                PROVIDE (_end, .)
                0x1fff036c                __heap_addr = .
                0x1fff036c                __HeapBase = .
                0x1fff036c                . = (. + __heap_size)
                0x1fff036c                __HeapLimit = .
                0x1fff076c                . = (. + __stack_size)
 *fill*         0x1fff036c      0x400 
                0x1fff076c                . = ALIGN (0x4)

.ARM.attributes
                0x00000000       0x30
 *(.ARM.attributes)
 .ARM.attributes
                0x00000000       0x22 c:/freescale/kds_3.0.0/toolchain/bin/../lib/gcc/arm-none-eabi/4.8.4/armv7e-m/fpu/crti.o
 .ARM.attributes
                0x00000022       0x34 c:/freescale/kds_3.0.0/toolchain/bin/../lib/gcc/arm-none-eabi/4.8.4/armv7e-m/fpu/crtbegin.o
 .ARM.attributes
                0x00000056       0x20 c:/freescale/kds_3.0.0/toolchain/bin/../lib/gcc/arm-none-eabi/4.8.4/../../../../arm-none-eabi/lib/armv7e-m/fpu/crt0.o
 .ARM.attributes
                0x00000076       0x39 ./Sources/I2C.o
 .ARM.attributes
                0x000000af       0x39 ./Sources/accel.o
 .ARM.attributes
                0x000000e8       0x39 ./Sources/main.o
 .ARM.attributes
                0x00000121       0x39 ./Sources/median.o
 .ARM.attributes
                0x0000015a       0x39 ./Project_Settings/Startup_Code/startup.o
 .ARM.attributes
                0x00000193       0x39 ./Generated_Code/Cpu.o
 .ARM.attributes
                0x000001cc       0x39 ./Generated_Code/Vectors.o
 .ARM.attributes
                0x00000205       0x39 C:\Users\11988401\Desktop\Lab-4-Workspace\Lab-4-assess\Library\libLab3.a(FTM.o)
 .ARM.attributes
                0x0000023e       0x39 C:\Users\11988401\Desktop\Lab-4-Workspace\Lab-4-assess\Library\libLab3.a(Flash.o)
 .ARM.attributes
                0x00000277       0x39 C:\Users\11988401\Desktop\Lab-4-Workspace\Lab-4-assess\Library\libLab3.a(LEDs.o)
 .ARM.attributes
                0x000002b0       0x39 C:\Users\11988401\Desktop\Lab-4-Workspace\Lab-4-assess\Library\libLab3.a(PIT.o)
 .ARM.attributes
                0x000002e9       0x39 C:\Users\11988401\Desktop\Lab-4-Workspace\Lab-4-assess\Library\libLab3.a(RTC.o)
 .ARM.attributes
                0x00000322       0x39 C:\Users\11988401\Desktop\Lab-4-Workspace\Lab-4-assess\Library\libLab3.a(UART.o)
 .ARM.attributes
                0x0000035b       0x39 C:\Users\11988401\Desktop\Lab-4-Workspace\Lab-4-assess\Library\libLab3.a(packet.o)
 .ARM.attributes
                0x00000394       0x39 C:\Users\11988401\Desktop\Lab-4-Workspace\Lab-4-assess\Library\libLab3.a(FIFO.o)
 .ARM.attributes
                0x000003cd       0x34 c:/freescale/kds_3.0.0/toolchain/bin/../lib/gcc/arm-none-eabi/4.8.4/../../../../arm-none-eabi/lib/armv7e-m/fpu\libg_s.a(lib_a-exit.o)
 .ARM.attributes
                0x00000401       0x34 c:/freescale/kds_3.0.0/toolchain/bin/../lib/gcc/arm-none-eabi/4.8.4/../../../../arm-none-eabi/lib/armv7e-m/fpu\libg_s.a(lib_a-impure.o)
 .ARM.attributes
                0x00000435       0x34 c:/freescale/kds_3.0.0/toolchain/bin/../lib/gcc/arm-none-eabi/4.8.4/../../../../arm-none-eabi/lib/armv7e-m/fpu\libg_s.a(lib_a-init.o)
 .ARM.attributes
                0x00000469       0x34 c:/freescale/kds_3.0.0/toolchain/bin/../lib/gcc/arm-none-eabi/4.8.4/../../../../arm-none-eabi/lib/armv7e-m/fpu\libg_s.a(lib_a-memset.o)
 .ARM.attributes
                0x0000049d       0x34 c:/freescale/kds_3.0.0/toolchain/bin/../lib/gcc/arm-none-eabi/4.8.4/../../../../arm-none-eabi/lib/armv7e-m/fpu\libnosys.a(_exit.o)
 .ARM.attributes
                0x000004d1       0x22 c:/freescale/kds_3.0.0/toolchain/bin/../lib/gcc/arm-none-eabi/4.8.4/armv7e-m/fpu/crtn.o
OUTPUT(Lab4.elf elf32-littlearm)

.debug_info     0x00000000     0x5aef
 .debug_info    0x00000000      0x7a5 ./Sources/I2C.o
 .debug_info    0x000007a5      0xa3f ./Sources/accel.o
 .debug_info    0x000011e4      0x796 ./Sources/main.o
 .debug_info    0x0000197a       0xd3 ./Sources/median.o
 .debug_info    0x00001a4d      0x3b0 ./Project_Settings/Startup_Code/startup.o
 .debug_info    0x00001dfd      0xc82 ./Generated_Code/Cpu.o
 .debug_info    0x00002a7f      0x10f ./Generated_Code/Vectors.o
 .debug_info    0x00002b8e      0x761 C:\Users\11988401\Desktop\Lab-4-Workspace\Lab-4-assess\Library\libLab3.a(FTM.o)
 .debug_info    0x000032ef      0x8d3 C:\Users\11988401\Desktop\Lab-4-Workspace\Lab-4-assess\Library\libLab3.a(Flash.o)
 .debug_info    0x00003bc2      0x4a3 C:\Users\11988401\Desktop\Lab-4-Workspace\Lab-4-assess\Library\libLab3.a(LEDs.o)
 .debug_info    0x00004065      0x57a C:\Users\11988401\Desktop\Lab-4-Workspace\Lab-4-assess\Library\libLab3.a(PIT.o)
 .debug_info    0x000045df      0x608 C:\Users\11988401\Desktop\Lab-4-Workspace\Lab-4-assess\Library\libLab3.a(RTC.o)
 .debug_info    0x00004be7      0x999 C:\Users\11988401\Desktop\Lab-4-Workspace\Lab-4-assess\Library\libLab3.a(UART.o)
 .debug_info    0x00005580      0x333 C:\Users\11988401\Desktop\Lab-4-Workspace\Lab-4-assess\Library\libLab3.a(packet.o)
 .debug_info    0x000058b3      0x23c C:\Users\11988401\Desktop\Lab-4-Workspace\Lab-4-assess\Library\libLab3.a(FIFO.o)

.debug_abbrev   0x00000000     0x152c
 .debug_abbrev  0x00000000      0x19b ./Sources/I2C.o
 .debug_abbrev  0x0000019b      0x247 ./Sources/accel.o
 .debug_abbrev  0x000003e2      0x1da ./Sources/main.o
 .debug_abbrev  0x000005bc       0x6c ./Sources/median.o
 .debug_abbrev  0x00000628      0x189 ./Project_Settings/Startup_Code/startup.o
 .debug_abbrev  0x000007b1      0x185 ./Generated_Code/Cpu.o
 .debug_abbrev  0x00000936       0xa4 ./Generated_Code/Vectors.o
 .debug_abbrev  0x000009da      0x1b1 C:\Users\11988401\Desktop\Lab-4-Workspace\Lab-4-assess\Library\libLab3.a(FTM.o)
 .debug_abbrev  0x00000b8b      0x1fb C:\Users\11988401\Desktop\Lab-4-Workspace\Lab-4-assess\Library\libLab3.a(Flash.o)
 .debug_abbrev  0x00000d86      0x155 C:\Users\11988401\Desktop\Lab-4-Workspace\Lab-4-assess\Library\libLab3.a(LEDs.o)
 .debug_abbrev  0x00000edb      0x154 C:\Users\11988401\Desktop\Lab-4-Workspace\Lab-4-assess\Library\libLab3.a(PIT.o)
 .debug_abbrev  0x0000102f      0x15f C:\Users\11988401\Desktop\Lab-4-Workspace\Lab-4-assess\Library\libLab3.a(RTC.o)
 .debug_abbrev  0x0000118e      0x1b4 C:\Users\11988401\Desktop\Lab-4-Workspace\Lab-4-assess\Library\libLab3.a(UART.o)
 .debug_abbrev  0x00001342       0xee C:\Users\11988401\Desktop\Lab-4-Workspace\Lab-4-assess\Library\libLab3.a(packet.o)
 .debug_abbrev  0x00001430       0xfc C:\Users\11988401\Desktop\Lab-4-Workspace\Lab-4-assess\Library\libLab3.a(FIFO.o)

.debug_aranges  0x00000000      0x3c0
 .debug_aranges
                0x00000000       0x48 ./Sources/I2C.o
 .debug_aranges
                0x00000048       0x38 ./Sources/accel.o
 .debug_aranges
                0x00000080       0x90 ./Sources/main.o
 .debug_aranges
                0x00000110       0x20 ./Sources/median.o
 .debug_aranges
                0x00000130       0x50 ./Project_Settings/Startup_Code/startup.o
 .debug_aranges
                0x00000180       0x38 ./Generated_Code/Cpu.o
 .debug_aranges
                0x000001b8       0x18 ./Generated_Code/Vectors.o
 .debug_aranges
                0x000001d0       0x38 C:\Users\11988401\Desktop\Lab-4-Workspace\Lab-4-assess\Library\libLab3.a(FTM.o)
 .debug_aranges
                0x00000208       0x68 C:\Users\11988401\Desktop\Lab-4-Workspace\Lab-4-assess\Library\libLab3.a(Flash.o)
 .debug_aranges
                0x00000270       0x38 C:\Users\11988401\Desktop\Lab-4-Workspace\Lab-4-assess\Library\libLab3.a(LEDs.o)
 .debug_aranges
                0x000002a8       0x38 C:\Users\11988401\Desktop\Lab-4-Workspace\Lab-4-assess\Library\libLab3.a(PIT.o)
 .debug_aranges
                0x000002e0       0x38 C:\Users\11988401\Desktop\Lab-4-Workspace\Lab-4-assess\Library\libLab3.a(RTC.o)
 .debug_aranges
                0x00000318       0x40 C:\Users\11988401\Desktop\Lab-4-Workspace\Lab-4-assess\Library\libLab3.a(UART.o)
 .debug_aranges
                0x00000358       0x38 C:\Users\11988401\Desktop\Lab-4-Workspace\Lab-4-assess\Library\libLab3.a(packet.o)
 .debug_aranges
                0x00000390       0x30 C:\Users\11988401\Desktop\Lab-4-Workspace\Lab-4-assess\Library\libLab3.a(FIFO.o)

.debug_ranges   0x00000000      0x2c8
 .debug_ranges  0x00000000       0x38 ./Sources/I2C.o
 .debug_ranges  0x00000038       0x28 ./Sources/accel.o
 .debug_ranges  0x00000060       0x80 ./Sources/main.o
 .debug_ranges  0x000000e0       0x10 ./Sources/median.o
 .debug_ranges  0x000000f0       0x40 ./Project_Settings/Startup_Code/startup.o
 .debug_ranges  0x00000130       0x28 ./Generated_Code/Cpu.o
 .debug_ranges  0x00000158       0x28 C:\Users\11988401\Desktop\Lab-4-Workspace\Lab-4-assess\Library\libLab3.a(FTM.o)
 .debug_ranges  0x00000180       0x58 C:\Users\11988401\Desktop\Lab-4-Workspace\Lab-4-assess\Library\libLab3.a(Flash.o)
 .debug_ranges  0x000001d8       0x28 C:\Users\11988401\Desktop\Lab-4-Workspace\Lab-4-assess\Library\libLab3.a(LEDs.o)
 .debug_ranges  0x00000200       0x28 C:\Users\11988401\Desktop\Lab-4-Workspace\Lab-4-assess\Library\libLab3.a(PIT.o)
 .debug_ranges  0x00000228       0x28 C:\Users\11988401\Desktop\Lab-4-Workspace\Lab-4-assess\Library\libLab3.a(RTC.o)
 .debug_ranges  0x00000250       0x30 C:\Users\11988401\Desktop\Lab-4-Workspace\Lab-4-assess\Library\libLab3.a(UART.o)
 .debug_ranges  0x00000280       0x28 C:\Users\11988401\Desktop\Lab-4-Workspace\Lab-4-assess\Library\libLab3.a(packet.o)
 .debug_ranges  0x000002a8       0x20 C:\Users\11988401\Desktop\Lab-4-Workspace\Lab-4-assess\Library\libLab3.a(FIFO.o)

.debug_macro    0x00000000    0x35690
 .debug_macro   0x00000000       0x68 ./Sources/I2C.o
 .debug_macro   0x00000068      0x850 ./Sources/I2C.o
 .debug_macro   0x000008b8       0x16 ./Sources/I2C.o
 .debug_macro   0x000008ce       0x44 ./Sources/I2C.o
 .debug_macro   0x00000912      0x209 ./Sources/I2C.o
 .debug_macro   0x00000b1b       0x22 ./Sources/I2C.o
 .debug_macro   0x00000b3d    0x174c1 ./Sources/I2C.o
 .debug_macro   0x00017ffe      0x1dc ./Sources/accel.o
 .debug_macro   0x000181da     0x181c ./Sources/accel.o
 .debug_macro   0x000199f6      0x14e ./Sources/accel.o
 .debug_macro   0x00019b44       0x64 ./Sources/accel.o
 .debug_macro   0x00019ba8       0x9a ./Sources/accel.o
 .debug_macro   0x00019c42      0x14a ./Sources/main.o
 .debug_macro   0x00019d8c     0x1816 ./Sources/main.o
 .debug_macro   0x0001b5a2       0x9a ./Sources/main.o
 .debug_macro   0x0001b63c       0x34 ./Sources/main.o
 .debug_macro   0x0001b670       0x2e ./Sources/main.o
 .debug_macro   0x0001b69e       0x5f ./Sources/median.o
 .debug_macro   0x0001b6fd      0x121 ./Project_Settings/Startup_Code/startup.o
 .debug_macro   0x0001b81e       0x58 ./Project_Settings/Startup_Code/startup.o
 .debug_macro   0x0001b876       0x35 ./Project_Settings/Startup_Code/startup.o
 .debug_macro   0x0001b8ab       0xa3 ./Project_Settings/Startup_Code/startup.o
 .debug_macro   0x0001b94e      0x166 ./Project_Settings/Startup_Code/startup.o
 .debug_macro   0x0001bab4       0x4a ./Project_Settings/Startup_Code/startup.o
 .debug_macro   0x0001bafe       0x52 ./Project_Settings/Startup_Code/startup.o
 .debug_macro   0x0001bb50       0x16 ./Project_Settings/Startup_Code/startup.o
 .debug_macro   0x0001bb66       0x43 ./Project_Settings/Startup_Code/startup.o
 .debug_macro   0x0001bba9      0x180 ./Project_Settings/Startup_Code/startup.o
 .debug_macro   0x0001bd29      0x2a6 ./Project_Settings/Startup_Code/startup.o
 .debug_macro   0x0001bfcf       0x10 ./Project_Settings/Startup_Code/startup.o
 .debug_macro   0x0001bfdf       0x35 ./Project_Settings/Startup_Code/startup.o
 .debug_macro   0x0001c014       0x16 ./Project_Settings/Startup_Code/startup.o
 .debug_macro   0x0001c02a       0x22 ./Project_Settings/Startup_Code/startup.o
 .debug_macro   0x0001c04c       0x16 ./Project_Settings/Startup_Code/startup.o
 .debug_macro   0x0001c062      0x20f ./Project_Settings/Startup_Code/startup.o
 .debug_macro   0x0001c271    0x174af ./Project_Settings/Startup_Code/startup.o
 .debug_macro   0x00033720       0x84 ./Generated_Code/Cpu.o
 .debug_macro   0x000337a4       0xa0 ./Generated_Code/Cpu.o
 .debug_macro   0x00033844       0xd8 ./Generated_Code/Vectors.o
 .debug_macro   0x0003391c       0xbf C:\Users\11988401\Desktop\Lab-4-Workspace\Lab-4-assess\Library\libLab3.a(FTM.o)
 .debug_macro   0x000339db     0x1800 C:\Users\11988401\Desktop\Lab-4-Workspace\Lab-4-assess\Library\libLab3.a(FTM.o)
 .debug_macro   0x000351db       0xaa C:\Users\11988401\Desktop\Lab-4-Workspace\Lab-4-assess\Library\libLab3.a(Flash.o)
 .debug_macro   0x00035285       0x28 C:\Users\11988401\Desktop\Lab-4-Workspace\Lab-4-assess\Library\libLab3.a(Flash.o)
 .debug_macro   0x000352ad       0x68 C:\Users\11988401\Desktop\Lab-4-Workspace\Lab-4-assess\Library\libLab3.a(LEDs.o)
 .debug_macro   0x00035315       0x72 C:\Users\11988401\Desktop\Lab-4-Workspace\Lab-4-assess\Library\libLab3.a(PIT.o)
 .debug_macro   0x00035387       0xa4 C:\Users\11988401\Desktop\Lab-4-Workspace\Lab-4-assess\Library\libLab3.a(RTC.o)
 .debug_macro   0x0003542b       0x94 C:\Users\11988401\Desktop\Lab-4-Workspace\Lab-4-assess\Library\libLab3.a(RTC.o)
 .debug_macro   0x000354bf       0xad C:\Users\11988401\Desktop\Lab-4-Workspace\Lab-4-assess\Library\libLab3.a(UART.o)
 .debug_macro   0x0003556c       0x10 C:\Users\11988401\Desktop\Lab-4-Workspace\Lab-4-assess\Library\libLab3.a(UART.o)
 .debug_macro   0x0003557c       0x6e C:\Users\11988401\Desktop\Lab-4-Workspace\Lab-4-assess\Library\libLab3.a(packet.o)
 .debug_macro   0x000355ea       0xa6 C:\Users\11988401\Desktop\Lab-4-Workspace\Lab-4-assess\Library\libLab3.a(FIFO.o)

.debug_line     0x00000000     0x2917
 .debug_line    0x00000000      0x35f ./Sources/I2C.o
 .debug_line    0x0000035f      0x366 ./Sources/accel.o
 .debug_line    0x000006c5      0x510 ./Sources/main.o
 .debug_line    0x00000bd5      0x1e2 ./Sources/median.o
 .debug_line    0x00000db7      0x3ee ./Project_Settings/Startup_Code/startup.o
 .debug_line    0x000011a5      0x288 ./Generated_Code/Cpu.o
 .debug_line    0x0000142d      0x2d1 ./Generated_Code/Vectors.o
 .debug_line    0x000016fe      0x222 C:\Users\11988401\Desktop\Lab-4-Workspace\Lab-4-assess\Library\libLab3.a(FTM.o)
 .debug_line    0x00001920      0x2c7 C:\Users\11988401\Desktop\Lab-4-Workspace\Lab-4-assess\Library\libLab3.a(Flash.o)
 .debug_line    0x00001be7      0x1e7 C:\Users\11988401\Desktop\Lab-4-Workspace\Lab-4-assess\Library\libLab3.a(LEDs.o)
 .debug_line    0x00001dce      0x1fd C:\Users\11988401\Desktop\Lab-4-Workspace\Lab-4-assess\Library\libLab3.a(PIT.o)
 .debug_line    0x00001fcb      0x25d C:\Users\11988401\Desktop\Lab-4-Workspace\Lab-4-assess\Library\libLab3.a(RTC.o)
 .debug_line    0x00002228      0x299 C:\Users\11988401\Desktop\Lab-4-Workspace\Lab-4-assess\Library\libLab3.a(UART.o)
 .debug_line    0x000024c1      0x1f6 C:\Users\11988401\Desktop\Lab-4-Workspace\Lab-4-assess\Library\libLab3.a(packet.o)
 .debug_line    0x000026b7      0x260 C:\Users\11988401\Desktop\Lab-4-Workspace\Lab-4-assess\Library\libLab3.a(FIFO.o)

.debug_str      0x00000000    0x8ebcc
 .debug_str     0x00000000    0x82f0e ./Sources/I2C.o
                              0x8307c (size before relaxing)
 .debug_str     0x00082f0e     0x8389 ./Sources/accel.o
                              0x8b3df (size before relaxing)
 .debug_str     0x0008b297      0x757 ./Sources/main.o
                              0x8af80 (size before relaxing)
 .debug_str     0x0008b9ee       0x23 ./Sources/median.o
                               0x2f91 (size before relaxing)
 .debug_str     0x0008ba11     0x2668 ./Project_Settings/Startup_Code/startup.o
                              0x853fd (size before relaxing)
 .debug_str     0x0008e079      0x211 ./Generated_Code/Cpu.o
                              0x8aaa9 (size before relaxing)
 .debug_str     0x0008e28a       0x1c ./Generated_Code/Vectors.o
                              0x8a745 (size before relaxing)
 .debug_str     0x0008e2a6      0x245 C:\Users\11988401\Desktop\Lab-4-Workspace\Lab-4-assess\Library\libLab3.a(FTM.o)
                              0x8a2a8 (size before relaxing)
 .debug_str     0x0008e4eb      0x357 C:\Users\11988401\Desktop\Lab-4-Workspace\Lab-4-assess\Library\libLab3.a(Flash.o)
                              0x835e7 (size before relaxing)
 .debug_str     0x0008e842       0x82 C:\Users\11988401\Desktop\Lab-4-Workspace\Lab-4-assess\Library\libLab3.a(LEDs.o)
                              0x82f0f (size before relaxing)
 .debug_str     0x0008e8c4       0x8f C:\Users\11988401\Desktop\Lab-4-Workspace\Lab-4-assess\Library\libLab3.a(PIT.o)
                              0x82f5f (size before relaxing)
 .debug_str     0x0008e953       0x69 C:\Users\11988401\Desktop\Lab-4-Workspace\Lab-4-assess\Library\libLab3.a(RTC.o)
                              0x8a848 (size before relaxing)
 .debug_str     0x0008e9bc      0x17b C:\Users\11988401\Desktop\Lab-4-Workspace\Lab-4-assess\Library\libLab3.a(UART.o)
                              0x8a9c4 (size before relaxing)
 .debug_str     0x0008eb37       0x67 C:\Users\11988401\Desktop\Lab-4-Workspace\Lab-4-assess\Library\libLab3.a(packet.o)
                               0x32bc (size before relaxing)
 .debug_str     0x0008eb9e       0x2e C:\Users\11988401\Desktop\Lab-4-Workspace\Lab-4-assess\Library\libLab3.a(FIFO.o)
                              0x8a6ef (size before relaxing)

.comment        0x00000000       0x70
 .comment       0x00000000       0x70 ./Sources/I2C.o
                                 0x71 (size before relaxing)
 .comment       0x00000000       0x71 ./Sources/accel.o
 .comment       0x00000000       0x71 ./Sources/main.o
 .comment       0x00000000       0x71 ./Sources/median.o
 .comment       0x00000000       0x71 ./Project_Settings/Startup_Code/startup.o
 .comment       0x00000000       0x71 ./Generated_Code/Cpu.o
 .comment       0x00000000       0x71 ./Generated_Code/Vectors.o
 .comment       0x00000000       0x71 C:\Users\11988401\Desktop\Lab-4-Workspace\Lab-4-assess\Library\libLab3.a(FTM.o)
 .comment       0x00000000       0x71 C:\Users\11988401\Desktop\Lab-4-Workspace\Lab-4-assess\Library\libLab3.a(Flash.o)
 .comment       0x00000000       0x71 C:\Users\11988401\Desktop\Lab-4-Workspace\Lab-4-assess\Library\libLab3.a(LEDs.o)
 .comment       0x00000000       0x71 C:\Users\11988401\Desktop\Lab-4-Workspace\Lab-4-assess\Library\libLab3.a(PIT.o)
 .comment       0x00000000       0x71 C:\Users\11988401\Desktop\Lab-4-Workspace\Lab-4-assess\Library\libLab3.a(RTC.o)
 .comment       0x00000000       0x71 C:\Users\11988401\Desktop\Lab-4-Workspace\Lab-4-assess\Library\libLab3.a(UART.o)
 .comment       0x00000000       0x71 C:\Users\11988401\Desktop\Lab-4-Workspace\Lab-4-assess\Library\libLab3.a(packet.o)
 .comment       0x00000000       0x71 C:\Users\11988401\Desktop\Lab-4-Workspace\Lab-4-assess\Library\libLab3.a(FIFO.o)

.debug_frame    0x00000000      0xa2c
 .debug_frame   0x00000000       0xc4 ./Sources/I2C.o
 .debug_frame   0x000000c4       0x94 ./Sources/accel.o
 .debug_frame   0x00000158      0x1e0 ./Sources/main.o
 .debug_frame   0x00000338       0x2c ./Sources/median.o
 .debug_frame   0x00000364       0xc0 ./Project_Settings/Startup_Code/startup.o
 .debug_frame   0x00000424       0x80 ./Generated_Code/Cpu.o
 .debug_frame   0x000004a4       0x84 C:\Users\11988401\Desktop\Lab-4-Workspace\Lab-4-assess\Library\libLab3.a(FTM.o)
 .debug_frame   0x00000528      0x140 C:\Users\11988401\Desktop\Lab-4-Workspace\Lab-4-assess\Library\libLab3.a(Flash.o)
 .debug_frame   0x00000668       0x80 C:\Users\11988401\Desktop\Lab-4-Workspace\Lab-4-assess\Library\libLab3.a(LEDs.o)
 .debug_frame   0x000006e8       0x88 C:\Users\11988401\Desktop\Lab-4-Workspace\Lab-4-assess\Library\libLab3.a(PIT.o)
 .debug_frame   0x00000770       0x88 C:\Users\11988401\Desktop\Lab-4-Workspace\Lab-4-assess\Library\libLab3.a(RTC.o)
 .debug_frame   0x000007f8       0xb0 C:\Users\11988401\Desktop\Lab-4-Workspace\Lab-4-assess\Library\libLab3.a(UART.o)
 .debug_frame   0x000008a8       0x8c C:\Users\11988401\Desktop\Lab-4-Workspace\Lab-4-assess\Library\libLab3.a(packet.o)
 .debug_frame   0x00000934       0x64 C:\Users\11988401\Desktop\Lab-4-Workspace\Lab-4-assess\Library\libLab3.a(FIFO.o)
 .debug_frame   0x00000998       0x28 c:/freescale/kds_3.0.0/toolchain/bin/../lib/gcc/arm-none-eabi/4.8.4/../../../../arm-none-eabi/lib/armv7e-m/fpu\libg_s.a(lib_a-exit.o)
 .debug_frame   0x000009c0       0x2c c:/freescale/kds_3.0.0/toolchain/bin/../lib/gcc/arm-none-eabi/4.8.4/../../../../arm-none-eabi/lib/armv7e-m/fpu\libg_s.a(lib_a-init.o)
 .debug_frame   0x000009ec       0x20 c:/freescale/kds_3.0.0/toolchain/bin/../lib/gcc/arm-none-eabi/4.8.4/../../../../arm-none-eabi/lib/armv7e-m/fpu\libg_s.a(lib_a-memset.o)
 .debug_frame   0x00000a0c       0x20 c:/freescale/kds_3.0.0/toolchain/bin/../lib/gcc/arm-none-eabi/4.8.4/../../../../arm-none-eabi/lib/armv7e-m/fpu\libnosys.a(_exit.o)
